Component: ARM Compiler 5.06 update 4 (build 422) Tool: armlink [4d35d2]

==============================================================================

Section Cross References

    main.o(i.main) refers to timer.o(i.rt_timer_create) for rt_timer_create
    main.o(i.main) refers to timer.o(i.rt_timer_start) for rt_timer_start
    main.o(i.main) refers to ipc.o(i.rt_mutex_create) for rt_mutex_create
    main.o(i.main) refers to thread.o(i.rt_thread_create) for rt_thread_create
    main.o(i.main) refers to kservice.o(i.rt_kprintf) for rt_kprintf
    main.o(i.main) refers to thread.o(i.rt_thread_startup) for rt_thread_startup
    main.o(i.main) refers to led_wdg.o(i.Led_WDG_callback) for Led_WDG_callback
    main.o(i.main) refers to main.o(.data) for Led_WDG_timer
    main.o(i.main) refers to arm_thread.o(i.MainCtrl_thread_entry) for MainCtrl_thread_entry
    main.o(i.main) refers to transfer_thread.o(i.UsartRece_thread_entry) for UsartRece_thread_entry
    main.o(i.main) refers to board.o(.data) for SysValue
    main.o(i.main) refers to key_thread.o(i.KeyCtrl_thread_entry) for KeyCtrl_thread_entry
    main.o(i.main) refers to display_thread.o(i.LcdNormal_thread_entry) for LcdNormal_thread_entry
    main.o(i.main) refers to display_thread.o(i.LcdDebug_thread_entry) for LcdDebug_thread_entry
    main.o(.data) refers to main.o(.conststring) for .conststring
    stm32f10x_it.o(.data) refers to stm32f10x_it.o(.conststring) for .conststring
    system_stm32f10x.o(i.SetSysClock) refers to system_stm32f10x.o(i.SetSysClockTo72) for SetSysClockTo72
    system_stm32f10x.o(i.SystemCoreClockUpdate) refers to system_stm32f10x.o(.data) for SystemCoreClock
    system_stm32f10x.o(i.SystemInit) refers to system_stm32f10x.o(i.SetSysClock) for SetSysClock
    board.o(i.SysTick_Handler) refers to irq.o(i.rt_interrupt_enter) for rt_interrupt_enter
    board.o(i.SysTick_Handler) refers to clock.o(i.rt_tick_increase) for rt_tick_increase
    board.o(i.SysTick_Handler) refers to irq.o(i.rt_interrupt_leave) for rt_interrupt_leave
    board.o(i.rt_heap_begin_get) refers to board.o(.bss) for rt_heap
    board.o(i.rt_heap_end_get) refers to board.o(.bss) for rt_heap
    board.o(i.rt_hw_board_init) refers to sys.o(i.sys_nvic_set_vector_table) for sys_nvic_set_vector_table
    board.o(i.rt_hw_board_init) refers to misc.o(i.NVIC_PriorityGroupConfig) for NVIC_PriorityGroupConfig
    board.o(i.rt_hw_board_init) refers to delay.o(i.Delay_init) for Delay_init
    board.o(i.rt_hw_board_init) refers to lcdinit.o(i.LCD_Init) for LCD_Init
    board.o(i.rt_hw_board_init) refers to delay.o(i.Delay_ms) for Delay_ms
    board.o(i.rt_hw_board_init) refers to lcdinit.o(i.LCD_Clear) for LCD_Clear
    board.o(i.rt_hw_board_init) refers to lcdinit.o(i.LCD_SetColor) for LCD_SetColor
    board.o(i.rt_hw_board_init) refers to lcdinit.o(i.LCD_SetAsciiFont) for LCD_SetAsciiFont
    board.o(i.rt_hw_board_init) refers to lcdinit.o(i.LCD_DisplayString) for LCD_DisplayString
    board.o(i.rt_hw_board_init) refers to key.o(i.KeyInit) for KeyInit
    board.o(i.rt_hw_board_init) refers to led.o(i.LaserLed_Init) for LaserLed_Init
    board.o(i.rt_hw_board_init) refers to led.o(i.BoardLed_Init) for BoardLed_Init
    board.o(i.rt_hw_board_init) refers to key.o(i.KeyScanSingle) for KeyScanSingle
    board.o(i.rt_hw_board_init) refers to flash.o(i.FLASH_Write) for FLASH_Write
    board.o(i.rt_hw_board_init) refers to sys.o(i.sys_soft_reset) for sys_soft_reset
    board.o(i.rt_hw_board_init) refers to motor.o(i.Motor_Init) for Motor_Init
    board.o(i.rt_hw_board_init) refers to steering.o(i.Steering_Init) for Steering_Init
    board.o(i.rt_hw_board_init) refers to usart.o(i.USART_Config_2) for USART_Config_2
    board.o(i.rt_hw_board_init) refers to usart.o(i.UART_Config_4) for UART_Config_4
    board.o(i.rt_hw_board_init) refers to usart.o(i.USART_Config_3) for USART_Config_3
    board.o(i.rt_hw_board_init) refers to esp8266.o(i.ESP8266_Init) for ESP8266_Init
    board.o(i.rt_hw_board_init) refers to esp8266.o(i.ConfigurationEsp8266) for ConfigurationEsp8266
    board.o(i.rt_hw_board_init) refers to wdg.o(i.IWDG_Init) for IWDG_Init
    board.o(i.rt_hw_board_init) refers to display_thread.o(i.ScreenDisplayKeyState) for ScreenDisplayKeyState
    board.o(i.rt_hw_board_init) refers to components.o(i.rt_components_board_init) for rt_components_board_init
    board.o(i.rt_hw_board_init) refers to board.o(i.rt_heap_end_get) for rt_heap_end_get
    board.o(i.rt_hw_board_init) refers to board.o(i.rt_heap_begin_get) for rt_heap_begin_get
    board.o(i.rt_hw_board_init) refers to mem.o(i.rt_system_heap_init) for rt_system_heap_init
    board.o(i.rt_hw_board_init) refers to system_stm32f10x.o(.data) for SystemCoreClock
    board.o(i.rt_hw_board_init) refers to lcdinit.o(.data) for ASCII_Font16
    board.o(i.rt_hw_board_init) refers to board.o(.data) for SysValue
    board.o(i.rt_hw_board_init) refers to usart.o(.bss) for U3Para
[...]
    __aeabi_memclr8                          0x08008021   Thumb Code     0  rt_memclr_w.o(.text)
    __rt_memclr_w                            0x08008021   Thumb Code    78  rt_memclr_w.o(.text)
    _memset_w                                0x08008025   Thumb Code     0  rt_memclr_w.o(.text)
    __use_two_region_memory                  0x0800806f   Thumb Code     2  heapauxi.o(.text)
    __rt_heap_escrow                         0x08008071   Thumb Code     2  heapauxi.o(.text)
    __rt_heap_expand                         0x08008073   Thumb Code     2  heapauxi.o(.text)
    __semihosting$guard                      0x08008075   Thumb Code     0  use_no_semi.o(.text)
    __use_no_semihosting_swi                 0x08008075   Thumb Code     2  use_no_semi.o(.text)
    __rt_heap_descriptor                     0x08008079   Thumb Code     8  rt_heap_descriptor_intlibspace.o(.text)
    __use_no_heap                            0x08008081   Thumb Code     2  hguard.o(.text)
    __heap$guard                             0x08008083   Thumb Code     2  hguard.o(.text)
    _terminate_user_alloc                    0x08008085   Thumb Code     2  init_alloc.o(.text)
    _init_user_alloc                         0x08008087   Thumb Code     2  init_alloc.o(.text)
    __Heap_Full                              0x08008089   Thumb Code    34  init_alloc.o(.text)
    __Heap_Broken                            0x080080ab   Thumb Code     6  init_alloc.o(.text)
    _init_alloc                              0x080080b1   Thumb Code    94  init_alloc.o(.text)
    __Heap_Initialize                        0x0800810f   Thumb Code    10  h1_init.o(.text)
    __Heap_DescSize                          0x08008119   Thumb Code     4  h1_init.o(.text)
    _printf_int_common                       0x0800811d   Thumb Code   178  _printf_intcommon.o(.text)
    _printf_char_common                      0x080081db   Thumb Code    32  _printf_char_common.o(.text)
    _sputc                                   0x08008201   Thumb Code    10  _sputc.o(.text)
    _printf_cs_common                        0x0800820b   Thumb Code    20  _printf_char.o(.text)
    _printf_char                             0x0800821f   Thumb Code    16  _printf_char.o(.text)
    _printf_string                           0x0800822f   Thumb Code     8  _printf_char.o(.text)
    _printf_char_file                        0x08008239   Thumb Code    32  _printf_char_file.o(.text)
    __aeabi_memcpy4                          0x0800825d   Thumb Code     0  rt_memcpy_w.o(.text)
    __aeabi_memcpy8                          0x0800825d   Thumb Code     0  rt_memcpy_w.o(.text)
    __rt_memcpy_w                            0x0800825d   Thumb Code   100  rt_memcpy_w.o(.text)
    _memcpy_lastbytes_aligned                0x080082a5   Thumb Code     0  rt_memcpy_w.o(.text)
    __user_libspace                          0x080082c1   Thumb Code     8  libspace.o(.text)
    __user_perproc_libspace                  0x080082c1   Thumb Code     0  libspace.o(.text)
    __user_perthread_libspace                0x080082c1   Thumb Code     0  libspace.o(.text)
    __Heap_ProvideMemory                     0x080082c9   Thumb Code    52  h1_extend.o(.text)
    ferror                                   0x080082fd   Thumb Code     8  ferror.o(.text)
    __rt_SIGRTMEM                            0x08008305   Thumb Code    14  defsig_rtmem_outer.o(.text)
    __user_setup_stackheap                   0x08008313   Thumb Code    74  sys_stackheap_outer.o(.text)
    exit                                     0x0800835d   Thumb Code    18  exit.o(.text)
    __sig_exit                               0x0800836f   Thumb Code    10  defsig_exit.o(.text)
    __rt_SIGRTMEM_inner                      0x08008379   Thumb Code    22  defsig_rtmem_inner.o(.text)
    __default_signal_display                 0x080083c9   Thumb Code    50  defsig_general.o(.text)
    main                                     0x080083fb   Thumb Code    10  components.o(i.$Sub$$main)
    AddKeyCallBack                           0x08008405   Thumb Code    14  key.o(i.AddKeyCallBack)
    ArmClipTakeState                         0x08008419   Thumb Code    82  steering.o(i.ArmClipTakeState)
    BoardLed_Init                            0x08008471   Thumb Code    92  led.o(i.BoardLed_Init)
    BusFault_Handler                         0x080084d1   Thumb Code     4  stm32f10x_it.o(i.BusFault_Handler)
    CRC16_CalcuValue                         0x080084d5   Thumb Code    60  crc.o(i.CRC16_CalcuValue)
    CRC16_ModifyData                         0x08008511   Thumb Code    28  crc.o(i.CRC16_ModifyData)
    ConfigurationEsp8266                     0x0800852d   Thumb Code    58  esp8266.o(i.ConfigurationEsp8266)
    DMA1_Channel4_IRQHandler                 0x0800857d   Thumb Code    40  usart.o(i.DMA1_Channel4_IRQHandler)
    DMA1_Channel7_IRQHandler                 0x080085ad   Thumb Code    40  ws2812.o(i.DMA1_Channel7_IRQHandler)
    DMA2_Channel4_5_IRQHandler               0x080085d9   Thumb Code    34  usart.o(i.DMA2_Channel4_5_IRQHandler)
    DMA_ClearITPendingBit                    0x08008609   Thumb Code    18  stm32f10x_dma.o(i.DMA_ClearITPendingBit)
    DMA_Cmd                                  0x08008625   Thumb Code    24  stm32f10x_dma.o(i.DMA_Cmd)
    DMA_DeInit                               0x0800863d   Thumb Code   324  stm32f10x_dma.o(i.DMA_DeInit)
    DMA_GetCurrDataCounter                   0x08008789   Thumb Code     8  stm32f10x_dma.o(i.DMA_GetCurrDataCounter)
    DMA_GetITStatus                          0x08008791   Thumb Code    36  stm32f10x_dma.o(i.DMA_GetITStatus)
    DMA_ITConfig                             0x080087bd   Thumb Code    18  stm32f10x_dma.o(i.DMA_ITConfig)
    DMA_Init                                 0x080087cf   Thumb Code    60  stm32f10x_dma.o(i.DMA_Init)
    DMA_SetCurrDataCounter                   0x0800880b   Thumb Code     4  stm32f10x_dma.o(i.DMA_SetCurrDataCounter)
    DMA_Transfer                             0x0800880f   Thumb Code    32  usart.o(i.DMA_Transfer)
    DebugMon_Handler                         0x0800884f   Thumb Code     2  stm32f10x_it.o(i.DebugMon_Handler)
    Delay_init                               0x08008851   Thumb Code    12  delay.o(i.Delay_init)
    Delay_ms                                 0x08008865   Thumb Code    26  delay.o(i.Delay_ms)
    Delay_us                                 0x08008881   Thumb Code    64  delay.o(i.Delay_us)
    ESP8266_Init                             0x080088c5   Thumb Code    44  esp8266.o(i.ESP8266_Init)
    FLASH_ErasePage                          0x08008bd9   Thumb Code    72  stm32f10x_flash.o(i.FLASH_ErasePage)
    FLASH_GetBank1Status                     0x08008c25   Thumb Code    48  stm32f10x_flash.o(i.FLASH_GetBank1Status)
    FLASH_Lock                               0x08008c59   Thumb Code    14  stm32f10x_flash.o(i.FLASH_Lock)
    FLASH_ProgramHalfWord                    0x08008c6d   Thumb Code    60  stm32f10x_flash.o(i.FLASH_ProgramHalfWord)
    FLASH_Read                               0x08008cad   Thumb Code    34  flash.o(i.FLASH_Read)
    FLASH_ReadHalfWord                       0x08008ccf   Thumb Code     6  flash.o(i.FLASH_ReadHalfWord)
    FLASH_Unlock                             0x08008cd5   Thumb Code    12  stm32f10x_flash.o(i.FLASH_Unlock)
    FLASH_WaitForLastOperation               0x08008ced   Thumb Code    38  stm32f10x_flash.o(i.FLASH_WaitForLastOperation)
    FLASH_Write                              0x08008d15   Thumb Code   222  flash.o(i.FLASH_Write)
    FLASH_Write_NoCheck                      0x08008dfd   Thumb Code    38  flash.o(i.FLASH_Write_NoCheck)
    FlashSetFlag_IAP                         0x08008e23   Thumb Code    36  iap.o(i.FlashSetFlag_IAP)
    GPIO_Init                                0x08008e47   Thumb Code   278  stm32f10x_gpio.o(i.GPIO_Init)
    GPIO_PinRemapConfig                      0x08008f5d   Thumb Code   138  stm32f10x_gpio.o(i.GPIO_PinRemapConfig)
    GPIO_ReadInputDataBit                    0x08008fed   Thumb Code    18  stm32f10x_gpio.o(i.GPIO_ReadInputDataBit)
    GPIO_ResetBits                           0x08008fff   Thumb Code     4  stm32f10x_gpio.o(i.GPIO_ResetBits)
    GPIO_SetBits                             0x08009003   Thumb Code     4  stm32f10x_gpio.o(i.GPIO_SetBits)
    Ground_PutAction                         0x08009009   Thumb Code   306  arm_thread.o(i.Ground_PutAction)
    Ground_TakeAction                        0x0800914d   Thumb Code   186  arm_thread.o(i.Ground_TakeAction)
    IWDG_Enable                              0x08009211   Thumb Code    10  stm32f10x_iwdg.o(i.IWDG_Enable)
    IWDG_Feed                                0x08009221   Thumb Code     8  wdg.o(i.IWDG_Feed)
    IWDG_Init                                0x08009229   Thumb Code    36  wdg.o(i.IWDG_Init)
    IWDG_ReloadCounter                       0x0800924d   Thumb Code    10  stm32f10x_iwdg.o(i.IWDG_ReloadCounter)
    IWDG_SetPrescaler                        0x0800925d   Thumb Code     6  stm32f10x_iwdg.o(i.IWDG_SetPrescaler)
    IWDG_SetReload                           0x08009269   Thumb Code     6  stm32f10x_iwdg.o(i.IWDG_SetReload)
    IWDG_WriteAccessCmd                      0x08009275   Thumb Code     6  stm32f10x_iwdg.o(i.IWDG_WriteAccessCmd)
    IdentifyColorTake                        0x08009281   Thumb Code   198  arm_thread.o(i.IdentifyColorTake)
    KeyControlTask                           0x08009351   Thumb Code   308  key_thread.o(i.KeyControlTask)
    KeyCtrl_thread_entry                     0x0800955d   Thumb Code    34  key_thread.o(i.KeyCtrl_thread_entry)
    KeyDeviceRunning                         0x08009591   Thumb Code    44  key.o(i.KeyDeviceRunning)
    KeyInit                                  0x080095d1   Thumb Code    36  key.o(i.KeyInit)
    KeyScanFreq                              0x080095f9   Thumb Code   134  key.o(i.KeyScanFreq)
    KeyScanSingle                            0x08009689   Thumb Code   102  key.o(i.KeyScanSingle)
    LCD_Clear                                0x080096f1   Thumb Code   150  lcdinit.o(i.LCD_Clear)
    LCD_ClearRect                            0x08009799   Thumb Code   160  lcdinit.o(i.LCD_ClearRect)
    LCD_DisplayChar                          0x08009a01   Thumb Code   198  lcdinit.o(i.LCD_DisplayChar)
    LCD_DisplayNumber                        0x08009ad9   Thumb Code    58  lcdinit.o(i.LCD_DisplayNumber)
    LCD_DisplayString                        0x08009b25   Thumb Code    48  lcdinit.o(i.LCD_DisplayString)
    LCD_DrawImage                            0x08009b5d   Thumb Code   284  lcdinit.o(i.LCD_DrawImage)
    LCD_Init                                 0x08009c81   Thumb Code   438  lcdinit.o(i.LCD_Init)
    LCD_SetAddress                           0x08009e41   Thumb Code    96  lcdinit.o(i.LCD_SetAddress)
    LCD_SetAsciiFont                         0x08009ea9   Thumb Code     6  lcdinit.o(i.LCD_SetAsciiFont)
    LCD_SetBackColor                         0x08009eb5   Thumb Code    36  lcdinit.o(i.LCD_SetBackColor)
    LCD_SetColor                             0x08009edd   Thumb Code    36  lcdinit.o(i.LCD_SetColor)
    LCD_SetDirection                         0x08009f05   Thumb Code   160  lcdinit.o(i.LCD_SetDirection)
    LCD_ShowNumMode                          0x08009fad   Thumb Code     6  lcdinit.o(i.LCD_ShowNumMode)
    LaserLed_Init                            0x0800a0ad   Thumb Code    50  led.o(i.LaserLed_Init)
    LcdDebug_thread_entry                    0x0800a0e5   Thumb Code   446  display_thread.o(i.LcdDebug_thread_entry)
    LcdNormal_thread_entry                   0x0800a339   Thumb Code    84  display_thread.o(i.LcdNormal_thread_entry)
    Led_WDG_callback                         0x0800a3c1   Thumb Code    40  led_wdg.o(i.Led_WDG_callback)
    MainCtrl_thread_entry                    0x0800a3ed   Thumb Code  1650  arm_thread.o(i.MainCtrl_thread_entry)
    MaterialPosition                         0x0800aa75   Thumb Code    64  steering.o(i.MaterialPosition)
    MemManage_Handler                        0x0800aab9   Thumb Code     4  stm32f10x_it.o(i.MemManage_Handler)
    MotorAngleCtrl                           0x0800aabd   Thumb Code   240  motor.o(i.MotorAngleCtrl)
    MotorAngleCtrl_S                         0x0800abbd   Thumb Code   302  motor.o(i.MotorAngleCtrl_S)
    MotorMotion_Lift                         0x0800ad09   Thumb Code   340  motor.o(i.MotorMotion_Lift)
    MotorMotion_Rotate                       0x0800ae69   Thumb Code    46  motor.o(i.MotorMotion_Rotate)
    MotorSteeringCtrl_BT                     0x0800b081   Thumb Code   436  transfer_thread.o(i.MotorSteeringCtrl_BT)
    Motor_Init                               0x0800b265   Thumb Code   370  motor.o(i.Motor_Init)
    NMI_Handler                              0x0800b3e9   Thumb Code     2  stm32f10x_it.o(i.NMI_Handler)
    NVIC_Init                                0x0800b3ed   Thumb Code   100  misc.o(i.NVIC_Init)
    NVIC_PriorityGroupConfig                 0x0800b45d   Thumb Code    10  misc.o(i.NVIC_PriorityGroupConfig)
    RCC_AHBPeriphClockCmd                    0x0800b471   Thumb Code    26  stm32f10x_rcc.o(i.RCC_AHBPeriphClockCmd)
    RCC_APB1PeriphClockCmd                   0x0800b491   Thumb Code    26  stm32f10x_rcc.o(i.RCC_APB1PeriphClockCmd)
    RCC_APB1PeriphResetCmd                   0x0800b4b1   Thumb Code    26  stm32f10x_rcc.o(i.RCC_APB1PeriphResetCmd)
    RCC_APB2PeriphClockCmd                   0x0800b4d1   Thumb Code    26  stm32f10x_rcc.o(i.RCC_APB2PeriphClockCmd)
    RCC_APB2PeriphResetCmd                   0x0800b4f1   Thumb Code    26  stm32f10x_rcc.o(i.RCC_APB2PeriphResetCmd)
    RCC_GetClocksFreq                        0x0800b511   Thumb Code   192  stm32f10x_rcc.o(i.RCC_GetClocksFreq)
    ReceCarState_Wire                        0x0800b5e5   Thumb Code    58  transfer_thread.o(i.ReceCarState_Wire)
    ReceTaskCode_Mult                        0x0800b629   Thumb Code   130  transfer_thread.o(i.ReceTaskCode_Mult)
    SPI_Cmd                                  0x0800b6c5   Thumb Code    24  stm32f10x_spi.o(i.SPI_Cmd)
    SPI_I2S_DeInit                           0x0800b6dd   Thumb Code    76  stm32f10x_spi.o(i.SPI_I2S_DeInit)
    SPI_Init                                 0x0800b735   Thumb Code    60  stm32f10x_spi.o(i.SPI_Init)
    SVC_Handler                              0x0800b771   Thumb Code     2  stm32f10x_it.o(i.SVC_Handler)
    ScreenDisplayKeyState                    0x0800b775   Thumb Code    34  display_thread.o(i.ScreenDisplayKeyState)
    ScreenDisplayTaskCode                    0x0800b79d   Thumb Code  1730  display_thread.o(i.ScreenDisplayTaskCode)
    SendOrderToCar                           0x0800bf95   Thumb Code    32  transfer_thread.o(i.SendOrderToCar)
    SendRingToCar                            0x0800bfbd   Thumb Code   176  transfer_thread.o(i.SendRingToCar)
    Steering_Init                            0x0800c171   Thumb Code   232  steering.o(i.Steering_Init)
    SysTick_Handler                          0x0800c261   Thumb Code    16  board.o(i.SysTick_Handler)
    SystemInit                               0x0800c271   Thumb Code    78  system_stm32f10x.o(i.SystemInit)
    TIM8_UP_IRQHandler                       0x0800c2d1   Thumb Code    90  motor.o(i.TIM8_UP_IRQHandler)
    TIM_ARRPreloadConfig                     0x0800c33d   Thumb Code    24  stm32f10x_tim.o(i.TIM_ARRPreloadConfig)
    TIM_ClearITPendingBit                    0x0800c355   Thumb Code     6  stm32f10x_tim.o(i.TIM_ClearITPendingBit)
    TIM_Cmd                                  0x0800c35b   Thumb Code    24  stm32f10x_tim.o(i.TIM_Cmd)
    TIM_CtrlPWMOutputs                       0x0800c373   Thumb Code    30  stm32f10x_tim.o(i.TIM_CtrlPWMOutputs)
    TIM_DeInit                               0x0800c391   Thumb Code   424  stm32f10x_tim.o(i.TIM_DeInit)
    TIM_GetITStatus                          0x0800c579   Thumb Code    34  stm32f10x_tim.o(i.TIM_GetITStatus)
    TIM_ITConfig                             0x0800c59b   Thumb Code    18  stm32f10x_tim.o(i.TIM_ITConfig)
    TIM_OC1Init                              0x0800c5ad   Thumb Code   132  stm32f10x_tim.o(i.TIM_OC1Init)
    TIM_OC1PreloadConfig                     0x0800c645   Thumb Code    18  stm32f10x_tim.o(i.TIM_OC1PreloadConfig)
    TIM_OC2Init                              0x0800c659   Thumb Code   154  stm32f10x_tim.o(i.TIM_OC2Init)
    TIM_OC2PreloadConfig                     0x0800c6fd   Thumb Code    26  stm32f10x_tim.o(i.TIM_OC2PreloadConfig)
    TIM_OC3Init                              0x0800c719   Thumb Code   150  stm32f10x_tim.o(i.TIM_OC3Init)
    TIM_OC3PreloadConfig                     0x0800c7b9   Thumb Code    18  stm32f10x_tim.o(i.TIM_OC3PreloadConfig)
    TIM_OC4Init                              0x0800c7cd   Thumb Code   114  stm32f10x_tim.o(i.TIM_OC4Init)
    TIM_OC4PreloadConfig                     0x0800c849   Thumb Code    26  stm32f10x_tim.o(i.TIM_OC4PreloadConfig)
    TIM_TimeBaseInit                         0x0800c865   Thumb Code   122  stm32f10x_tim.o(i.TIM_TimeBaseInit)
    TakeRawMaterial                          0x0800c909   Thumb Code   168  arm_thread.o(i.TakeRawMaterial)
    UART4_IRQHandler                         0x0800c9b9   Thumb Code   110  usart.o(i.UART4_IRQHandler)
    UART5_IRQHandler                         0x0800ca55   Thumb Code    84  usart.o(i.UART5_IRQHandler)
    UART_Config_4                            0x0800cab5   Thumb Code   416  usart.o(i.UART_Config_4)
    USART1_IRQHandler                        0x0800cc65   Thumb Code    70  usart.o(i.USART1_IRQHandler)
    USART2_IRQHandler                        0x0800ccd1   Thumb Code    94  usart.o(i.USART2_IRQHandler)
    USART3_IRQHandler                        0x0800cd61   Thumb Code   134  usart.o(i.USART3_IRQHandler)
    USART_Cmd                                0x0800ce01   Thumb Code    24  stm32f10x_usart.o(i.USART_Cmd)
    USART_Config_2                           0x0800ce19   Thumb Code   280  usart.o(i.USART_Config_2)
    USART_Config_3                           0x0800cf45   Thumb Code   200  usart.o(i.USART_Config_3)
    USART_DMACmd                             0x0800d015   Thumb Code    18  stm32f10x_usart.o(i.USART_DMACmd)
    USART_DeInit                             0x0800d029   Thumb Code   134  stm32f10x_usart.o(i.USART_DeInit)
    USART_GetFlagStatus                      0x0800d0c5   Thumb Code    26  stm32f10x_usart.o(i.USART_GetFlagStatus)
    USART_GetITStatus                        0x0800d0df   Thumb Code    84  stm32f10x_usart.o(i.USART_GetITStatus)
    USART_ITConfig                           0x0800d133   Thumb Code    74  stm32f10x_usart.o(i.USART_ITConfig)
    USART_Init                               0x0800d17d   Thumb Code   210  stm32f10x_usart.o(i.USART_Init)
    USART_ReceiveData                        0x0800d255   Thumb Code    10  stm32f10x_usart.o(i.USART_ReceiveData)
    USART_SendData                           0x0800d25f   Thumb Code     8  stm32f10x_usart.o(i.USART_SendData)
    UsageFault_Handler                       0x0800d267   Thumb Code     4  stm32f10x_it.o(i.UsageFault_Handler)
    UsartRece_thread_entry                   0x0800d26d   Thumb Code   138  transfer_thread.o(i.UsartRece_thread_entry)
    Usart_SendByte                           0x0800d339   Thumb Code    84  usart.o(i.Usart_SendByte)
    Usart_SendString                         0x0800d38d   Thumb Code   122  usart.o(i.Usart_SendString)
    __rt_ffs                                 0x0800d409   Thumb Code    70  kservice.o(i.__rt_ffs)
    _is_digit                                0x0800d455   Thumb Code    14  __printf_wp.o(i._is_digit)
    _sys_exit                                0x0800d643   Thumb Code     4  usart.o(i._sys_exit)
    _ttywrch                                 0x0800d663   Thumb Code     4  usart.o(i._ttywrch)
    fputc                                    0x0800d7ad   Thumb Code    24  usart.o(i.fputc)
    $Super$$main                             0x0800d7c9   Thumb Code   262  main.o(i.main)
    main_thread_entry                        0x0800d9b5   Thumb Code    14  components.o(i.main_thread_entry)
    rt_application_init                      0x0800dc69   Thumb Code    46  components.o(i.rt_application_init)
    rt_assert_handler                        0x0800dcb9   Thumb Code    56  kservice.o(i.rt_assert_handler)
    rt_components_board_init                 0x0800dd2d   Thumb Code    38  components.o(i.rt_components_board_init)
    rt_components_init                       0x0800dd79   Thumb Code    44  components.o(i.rt_components_init)
    rt_enter_critical                        0x0800dde9   Thumb Code    28  scheduler.o(i.rt_enter_critical)
    rt_event_create                          0x0800de09   Thumb Code    84  ipc.o(i.rt_event_create)
    rt_event_recv                            0x0800de8d   Thumb Code   374  ipc.o(i.rt_event_recv)
    rt_event_send                            0x0800e085   Thumb Code   230  ipc.o(i.rt_event_send)
    rt_exit_critical                         0x0800e189   Thumb Code    60  scheduler.o(i.rt_exit_critical)
    rt_free                                  0x0800e1cd   Thumb Code   260  mem.o(i.rt_free)
    rt_heap_begin_get                        0x0800e3bd   Thumb Code     4  board.o(i.rt_heap_begin_get)
    rt_heap_end_get                          0x0800e3c5   Thumb Code     4  board.o(i.rt_heap_end_get)
    rt_hw_board_init                         0x0800e3cd   Thumb Code   626  board.o(i.rt_hw_board_init)
    rt_hw_console_output                     0x0800e795   Thumb Code    74  board.o(i.rt_hw_console_output)
    rt_hw_hard_fault_exception               0x0800e7e5   Thumb Code   190  cpuport.o(i.rt_hw_hard_fault_exception)
    rt_hw_stack_init                         0x0800e9e5   Thumb Code    70  cpuport.o(i.rt_hw_stack_init)
    rt_interrupt_enter                       0x0800ea31   Thumb Code    30  irq.o(i.rt_interrupt_enter)
    rt_interrupt_get_nest                    0x0800ea55   Thumb Code    22  irq.o(i.rt_interrupt_get_nest)
    rt_interrupt_leave                       0x0800ea71   Thumb Code    30  irq.o(i.rt_interrupt_leave)
    rt_kprintf                               0x0800eb2d   Thumb Code    44  kservice.o(i.rt_kprintf)
    rt_malloc                                0x0800ebfd   Thumb Code   500  mem.o(i.rt_malloc)
    rt_mb_create                             0x0800ee9d   Thumb Code   124  ipc.o(i.rt_mb_create)
    rt_mb_recv                               0x0800ef49   Thumb Code   374  ipc.o(i.rt_mb_recv)
    rt_mb_send                               0x0800f13d   Thumb Code    18  ipc.o(i.rt_mb_send)
    rt_mb_send_wait                          0x0800f151   Thumb Code   394  ipc.o(i.rt_mb_send_wait)
    rt_memcpy                                0x0800f359   Thumb Code   124  kservice.o(i.rt_memcpy)
    rt_memset                                0x0800f3d5   Thumb Code    72  kservice.o(i.rt_memset)
    rt_mq_create                             0x0800f41d   Thumb Code   178  ipc.o(i.rt_mq_create)
    rt_mq_recv                               0x0800f501   Thumb Code   448  ipc.o(i.rt_mq_recv)
    rt_mq_send                               0x0800f759   Thumb Code    22  ipc.o(i.rt_mq_send)
    rt_mq_send_wait                          0x0800f771   Thumb Code   466  ipc.o(i.rt_mq_send_wait)
    rt_mutex_create                          0x0800f9dd   Thumb Code    96  ipc.o(i.rt_mutex_create)
    rt_mutex_release                         0x0800fa6d   Thumb Code   328  ipc.o(i.rt_mutex_release)
    rt_mutex_take                            0x0800fc35   Thumb Code   354  ipc.o(i.rt_mutex_take)
    rt_object_allocate                       0x0800fe19   Thumb Code   140  object.o(i.rt_object_allocate)
    rt_object_delete                         0x0800feed   Thumb Code    70  object.o(i.rt_object_delete)
    rt_object_detach                         0x0800ff79   Thumb Code    44  object.o(i.rt_object_detach)
    rt_object_get_information                0x0800ffbd   Thumb Code    36  object.o(i.rt_object_get_information)
    rt_object_get_type                       0x0800ffe5   Thumb Code    26  object.o(i.rt_object_get_type)
    rt_object_init                           0x08010019   Thumb Code   122  object.o(i.rt_object_init)
    rt_object_is_systemobject                0x080100c1   Thumb Code    34  object.o(i.rt_object_is_systemobject)
    rt_schedule                              0x080100fd   Thumb Code   120  scheduler.o(i.rt_schedule)
    rt_schedule_insert_thread                0x0801018d   Thumb Code    90  scheduler.o(i.rt_schedule_insert_thread)
    rt_schedule_remove_thread                0x08010209   Thumb Code    94  scheduler.o(i.rt_schedule_remove_thread)
    rt_sem_init                              0x08010289   Thumb Code    66  ipc.o(i.rt_sem_init)
    rt_sem_release                           0x080102f5   Thumb Code   122  ipc.o(i.rt_sem_release)
    rt_sem_take                              0x08010389   Thumb Code   252  ipc.o(i.rt_sem_take)
    rt_show_version                          0x08010501   Thumb Code    38  kservice.o(i.rt_show_version)
    rt_soft_timer_check                      0x080105b1   Thumb Code   190  timer.o(i.rt_soft_timer_check)
    rt_strncpy                               0x08010679   Thumb Code    52  kservice.o(i.rt_strncpy)
    rt_system_heap_init                      0x080106ad   Thumb Code   204  mem.o(i.rt_system_heap_init)
    rt_system_scheduler_init                 0x08010801   Thumb Code    56  scheduler.o(i.rt_system_scheduler_init)
    rt_system_scheduler_start                0x08010851   Thumb Code    36  scheduler.o(i.rt_system_scheduler_start)
    rt_system_timer_init                     0x08010881   Thumb Code    24  timer.o(i.rt_system_timer_init)
    rt_system_timer_thread_init              0x0801089d   Thumb Code    58  timer.o(i.rt_system_timer_thread_init)
    rt_thread_control                        0x080108f1   Thumb Code   172  thread.o(i.rt_thread_control)
    rt_thread_create                         0x080109b9   Thumb Code    80  thread.o(i.rt_thread_create)
    rt_thread_delay                          0x08010a09   Thumb Code    12  thread.o(i.rt_thread_delay)
    rt_thread_delete                         0x08010a15   Thumb Code   138  thread.o(i.rt_thread_delete)
    rt_thread_detach                         0x08010afd   Thumb Code   156  thread.o(i.rt_thread_detach)
    rt_thread_exit                           0x08010be9   Thumb Code    78  thread.o(i.rt_thread_exit)
    rt_thread_idle_excute                    0x08010c49   Thumb Code   132  idle.o(i.rt_thread_idle_excute)
    rt_thread_idle_init                      0x08010d01   Thumb Code    38  idle.o(i.rt_thread_idle_init)
    rt_thread_init                           0x08010d3d   Thumb Code    74  thread.o(i.rt_thread_init)
    rt_thread_resume                         0x08010db9   Thumb Code   104  thread.o(i.rt_thread_resume)
    rt_thread_self                           0x08010e3d   Thumb Code     6  thread.o(i.rt_thread_self)
    rt_thread_sleep                          0x08010e49   Thumb Code    98  thread.o(i.rt_thread_sleep)
    rt_thread_startup                        0x08010ecd   Thumb Code   110  thread.o(i.rt_thread_startup)
    rt_thread_suspend                        0x08010f91   Thumb Code   112  thread.o(i.rt_thread_suspend)
    rt_thread_timeout                        0x0801101d   Thumb Code    92  thread.o(i.rt_thread_timeout)
    rt_thread_yield                          0x08011115   Thumb Code    92  thread.o(i.rt_thread_yield)
    rt_tick_get                              0x08011179   Thumb Code     6  clock.o(i.rt_tick_get)
    rt_tick_increase                         0x08011185   Thumb Code    42  clock.o(i.rt_tick_increase)
    rt_timer_check                           0x080111b5   Thumb Code   172  timer.o(i.rt_timer_check)
    rt_timer_control                         0x08011265   Thumb Code   134  timer.o(i.rt_timer_control)
    rt_timer_create                          0x08011341   Thumb Code    54  timer.o(i.rt_timer_create)
    rt_timer_detach                          0x08011379   Thumb Code    90  timer.o(i.rt_timer_detach)
    rt_timer_init                            0x08011455   Thumb Code    58  timer.o(i.rt_timer_init)
    rt_timer_start                           0x080114d5   Thumb Code   336  timer.o(i.rt_timer_start)
    rt_timer_stop                            0x080116b1   Thumb Code    84  timer.o(i.rt_timer_stop)
    rt_vsnprintf                             0x08011759   Thumb Code   824  kservice.o(i.rt_vsnprintf)
    rtthread_startup                         0x08011aa9   Thumb Code    42  components.o(i.rtthread_startup)
    sys_nvic_set_vector_table                0x08011b29   Thumb Code    12  sys.o(i.sys_nvic_set_vector_table)
    sys_soft_reset                           0x08011b39   Thumb Code    30  sys.o(i.sys_soft_reset)
    __aeabi_d2f                              0x08011b61   Thumb Code     0  d2f.o(x$fpl$d2f)
    _d2f                                     0x08011b61   Thumb Code    98  d2f.o(x$fpl$d2f)
    __aeabi_ddiv                             0x08011bc5   Thumb Code     0  ddiv.o(x$fpl$ddiv)
    _ddiv                                    0x08011bc5   Thumb Code   552  ddiv.o(x$fpl$ddiv)
    __aeabi_d2iz                             0x08011e75   Thumb Code     0  dfix.o(x$fpl$dfix)
    _dfix                                    0x08011e75   Thumb Code    94  dfix.o(x$fpl$dfix)
    __aeabi_ui2d                             0x08011ed3   Thumb Code     0  dflt_clz.o(x$fpl$dfltu)
    _dfltu                                   0x08011ed3   Thumb Code    38  dflt_clz.o(x$fpl$dfltu)
    __fpl_dnaninf                            0x08011ef9   Thumb Code   156  dnaninf.o(x$fpl$dnaninf)
    __fpl_dretinf                            0x08011f95   Thumb Code    12  dretinf.o(x$fpl$dretinf)
    __aeabi_f2d                              0x08011fa1   Thumb Code     0  f2d.o(x$fpl$f2d)
    _f2d                                     0x08011fa1   Thumb Code    86  f2d.o(x$fpl$f2d)
    __aeabi_fadd                             0x08011ff9   Thumb Code     0  faddsub_clz.o(x$fpl$fadd)
    _fadd                                    0x08011ff9   Thumb Code   196  faddsub_clz.o(x$fpl$fadd)
    __fpl_fcmp_Inf                           0x080120bd   Thumb Code    24  fcmpi.o(x$fpl$fcmpinf)
    __aeabi_fdiv                             0x080120d5   Thumb Code     0  fdiv.o(x$fpl$fdiv)
    _fdiv                                    0x080120d5   Thumb Code   384  fdiv.o(x$fpl$fdiv)
    __aeabi_i2f                              0x08012259   Thumb Code     0  fflt_clz.o(x$fpl$fflt)
    _fflt                                    0x08012259   Thumb Code    48  fflt_clz.o(x$fpl$fflt)
    __aeabi_ui2f                             0x08012289   Thumb Code     0  fflt_clz.o(x$fpl$ffltu)
    _ffltu                                   0x08012289   Thumb Code    38  fflt_clz.o(x$fpl$ffltu)
    __aeabi_cfcmple                          0x080122b1   Thumb Code     0  fleqf.o(x$fpl$fleqf)
    _fcmple                                  0x080122b1   Thumb Code   104  fleqf.o(x$fpl$fleqf)
    __fpl_fcmple_InfNaN                      0x08012303   Thumb Code     0  fleqf.o(x$fpl$fleqf)
    __aeabi_fmul                             0x08012319   Thumb Code     0  fmul.o(x$fpl$fmul)
    _fmul                                    0x08012319   Thumb Code   258  fmul.o(x$fpl$fmul)
    __fpl_fnaninf                            0x0801241b   Thumb Code   140  fnaninf.o(x$fpl$fnaninf)
    __fpl_fretinf                            0x080124a7   Thumb Code    10  fretinf.o(x$fpl$fretinf)
    __aeabi_fsub                             0x080124b1   Thumb Code     0  faddsub_clz.o(x$fpl$fsub)
    _fsub                                    0x080124b1   Thumb Code   234  faddsub_clz.o(x$fpl$fsub)
    __I$use$fp                               0x0801259a   Number         0  usenofp.o(x$fpl$usenofp)
    sj_TIM_ARR                               0x0801259c   Data        1600  motor.o(.constdata)
    ASCII_3216_Table                         0x08012bdc   Data        6080  lcdinit.o(.constdata)
    ASCII_2412_Table                         0x0801439c   Data        4560  lcdinit.o(.constdata)
    ASCII_2010_Table                         0x0801556c   Data        3800  lcdinit.o(.constdata)
    ASCII_1608_Table                         0x08016444   Data        1520  lcdinit.o(.constdata)
    ASCII_1206_Table                         0x08016a34   Data        1140  lcdinit.o(.constdata)
    Image_Hello_240x280                      0x08016ea8   Data          16  display_thread.o(.constdata)
    Image_Start_240x280                      0x08016eb8   Data          16  display_thread.o(.constdata)
    Image_123_240x280                        0x08016ec8   Data           8  display_thread.o(.constdata)
    Image_132_240x280                        0x08016ed0   Data          16  display_thread.o(.constdata)
    Image_213_240x280                        0x08016ee0   Data           8  display_thread.o(.constdata)
    Image_231_240x280                        0x08016ee8   Data           8  display_thread.o(.constdata)
    Image_312_240x280                        0x08016ef0   Data           8  display_thread.o(.constdata)
    Image_321_240x280                        0x08016ef8   Data           8  display_thread.o(.constdata)
    Image_add123_240x280                     0x08016f00   Data           8  display_thread.o(.constdata)
    Image_add132_240x280                     0x08016f08   Data           8  display_thread.o(.constdata)
    Image_add213_240x280                     0x08016f10   Data           8  display_thread.o(.constdata)
    Image_add231_240x280                     0x08016f18   Data           8  display_thread.o(.constdata)
    Image_add312_240x280                     0x08016f20   Data           8  display_thread.o(.constdata)
    Image_add321_240x280                     0x08016f28   Data           8  display_thread.o(.constdata)
    Image_Error_240x280                      0x08016f30   Data          16  display_thread.o(.constdata)
    __rti_rti_start_name                     0x08016f40   Data          10  components.o(.constdata)
    __rti_rti_board_start_name               0x08016f4a   Data          16  components.o(.constdata)
    __rti_rti_board_end_name                 0x08016f5a   Data          14  components.o(.constdata)
    __rti_rti_end_name                       0x08016f68   Data           8  components.o(.constdata)
    __lowest_bit_bitmap                      0x08017196   Data         256  kservice.o(.constdata)
    __rt_init_desc_rti_start                 0x080179a0   Data           8  components.o(.rti_fn.0)
    __rt_init_desc_rti_board_start           0x080179a8   Data           8  components.o(.rti_fn.0.end)
    __rt_init_desc_rti_board_end             0x080179b0   Data           8  components.o(.rti_fn.1.end)
    __rt_init_desc_rti_end                   0x080179b8   Data           8  components.o(.rti_fn.6.end)
    Region$$Table$$Base                      0x080179c0   Number         0  anon$$obj.o(Region$$Table)
    Region$$Table$$Limit                     0x080179e0   Number         0  anon$$obj.o(Region$$Table)
    Usart2_list                              0x2000016c   Data           4  main.o(.data)
    Usart3_list                              0x20000170   Data           4  main.o(.data)
    Uart4_list                               0x20000174   Data           4  main.o(.data)
    Action_mux                               0x20000178   Data           4  main.o(.data)
    Usart_event                              0x2000017c   Data           4  main.o(.data)
    LcdShow_event                            0x20000180   Data           4  main.o(.data)
    Led_WDG_timer                            0x20000184   Data           4  main.o(.data)
    SendOrder_mail                           0x20000188   Data           4  main.o(.data)
    KeyValue_mail                            0x2000018c   Data           4  main.o(.data)
    MainCtrl_thread                          0x20000190   Data           4  main.o(.data)
    UsartRece_thread                         0x20000194   Data           4  main.o(.data)
    LedKeyCtrl_thread                        0x20000198   Data           4  main.o(.data)
    LcdNormal_thread                         0x2000019c   Data           4  main.o(.data)
    LcdDebug_thread                          0x200001a0   Data           4  main.o(.data)
    SystemCoreClock                          0x200001a4   Data           4  system_stm32f10x.o(.data)
    AHBPrescTable                            0x200001a8   Data          16  system_stm32f10x.o(.data)
    SysValue                                 0x20000204   Data           6  board.o(.data)
    __stdout                                 0x200002bc   Data           4  usart.o(.data)
    Esp_P                                    0x20000320   Data           4  esp8266.o(.data)
    id_motor                                 0x20000370   Data           1  motor.o(.data)
    motor                                    0x20000374   Data          52  motor.o(.data)
    z_TIM_ARR                                0x200003a8   Data         352  motor.o(.data)
    length                                   0x20000508   Data           4  motor.o(.data)
    sj_length                                0x2000050c   Data           4  motor.o(.data)
    ASCII_Font32                             0x2000056c   Data          12  lcdinit.o(.data)
    ASCII_Font24                             0x20000578   Data          12  lcdinit.o(.data)
    ASCII_Font20                             0x20000584   Data          12  lcdinit.o(.data)
    ASCII_Font16                             0x20000590   Data          12  lcdinit.o(.data)
    ASCII_Font12                             0x2000059c   Data          12  lcdinit.o(.data)
    KeyAlone                                 0x200005f4   Data           8  key.o(.data)
    rt_interrupt_nest                        0x20000930   Data           1  irq.o(.data)
    rt_assert_hook                           0x20000938   Data           4  kservice.o(.data)
    rt_thread_ready_priority_group           0x200009c4   Data           4  scheduler.o(.data)
    rt_current_thread                        0x200009cc   Data           4  scheduler.o(.data)
    rt_current_priority                      0x200009d0   Data           1  scheduler.o(.data)
    rt_thread_defunct                        0x200009d4   Data           8  scheduler.o(.data)
    rt_interrupt_from_thread                 0x200009f4   Data           4  cpuport.o(.data)
    rt_interrupt_to_thread                   0x200009f8   Data           4  cpuport.o(.data)
    rt_thread_switch_interrupt_flag          0x200009fc   Data           4  cpuport.o(.data)
    SysTask                                  0x20000a04   Data          16  board.o(.bss)
    FLASH_BUF                                0x20008a14   Data        2048  flash.o(.bss)
    U1Para                                   0x20009214   Data          12  usart.o(.bss)
    U2Para                                   0x20009220   Data          12  usart.o(.bss)
    U3Para                                   0x2000922c   Data          12  usart.o(.bss)
    U4Para                                   0x20009238   Data          12  usart.o(.bss)
    U5Para                                   0x20009244   Data          12  usart.o(.bss)
    U1Buf                                    0x20009250   Data          32  usart.o(.bss)
    U2Buf                                    0x20009270   Data          18  usart.o(.bss)
    U3Buf                                    0x20009282   Data         144  usart.o(.bss)
    U4Buf                                    0x20009312   Data          74  usart.o(.bss)
    U5Buf                                    0x2000935c   Data          32  usart.o(.bss)
    DMA_Buff                                 0x2000937c   Data         256  lcdinit.o(.bss)
    LCD_Buff                                 0x2000947c   Data        2048  lcdinit.o(.bss)
    LCD                                      0x20009c7c   Data          16  lcdinit.o(.bss)
    rt_thread_priority_table                 0x20009f2c   Data         256  scheduler.o(.bss)
    __libspace_start                         0x2000a2ac   Data          96  libspace.o(.bss)
    __temporary_stack_top$libspace           0x2000a30c   Data           0  libspace.o(.bss)



==============================================================================

Memory Map of the image

  Image Entry point : 0x08007931

  Load Region LR_IROM1 (Base: 0x08007800, Size: 0x00010be4, Max: 0x00019000, ABSOLUTE, COMPRESSED[0x00010550])

    Execution Region ER_IROM1 (Base: 0x08007800, Size: 0x000101e0, Max: 0x00019000, ABSOLUTE)

    Base Addr    Size         Type   Attr      Idx    E Section Name        Object

    0x08007800   0x00000130   Data   RO          343    RESET               startup_stm32f10x_hd.o
    0x08007930   0x00000008   Code   RO         4461  * !!!main             c_w.l(__main.o)
    0x08007938   0x00000034   Code   RO         4776    !!!scatter          c_w.l(__scatter.o)
    0x0800796c   0x00000064   Code   RO         4774    !!dclz77c           c_w.l(__dclz77c.o)
    0x080079d0   0x0000001c   Code   RO         4778    !!handler_zi        c_w.l(__scatter_zi.o)
    0x080079ec   0x00000000   Code   RO         4448    .ARM.Collect$$_printf_percent$$00000000  c_w.l(_printf_percent.o)
    0x080079ec   0x00000006   Code   RO         4446    .ARM.Collect$$_printf_percent$$00000009  c_w.l(_printf_d.o)
    0x080079f2   0x00000006   Code   RO         4445    .ARM.Collect$$_printf_percent$$00000014  c_w.l(_printf_s.o)
    0x080079f8   0x00000004   Code   RO         4549    .ARM.Collect$$_printf_percent$$00000017  c_w.l(_printf_percent_end.o)
    0x080079fc   0x00000002   Code   RO         4717    .ARM.Collect$$libinit$$00000000  c_w.l(libinit.o)
    0x080079fe   0x00000000   Code   RO         4555    .ARM.Collect$$libinit$$00000002  c_w.l(libinit2.o)
    0x080079fe   0x00000000   Code   RO         4557    .ARM.Collect$$libinit$$00000004  c_w.l(libinit2.o)
    0x080079fe   0x00000008   Code   RO         4558    .ARM.Collect$$libinit$$00000005  c_w.l(libinit2.o)
    0x08007a06   0x00000000   Code   RO         4560    .ARM.Collect$$libinit$$0000000A  c_w.l(libinit2.o)
    0x08007a06   0x00000000   Code   RO         4562    .ARM.Collect$$libinit$$0000000C  c_w.l(libinit2.o)
    0x08007a06   0x00000000   Code   RO         4564    .ARM.Collect$$libinit$$0000000E  c_w.l(libinit2.o)
    0x08007a06   0x00000000   Code   RO         4567    .ARM.Collect$$libinit$$00000011  c_w.l(libinit2.o)
    0x08007a06   0x00000000   Code   RO         4569    .ARM.Collect$$libinit$$00000013  c_w.l(libinit2.o)
    0x08007a06   0x00000000   Code   RO         4571    .ARM.Collect$$libinit$$00000015  c_w.l(libinit2.o)
    0x08007a06   0x00000000   Code   RO         4573    .ARM.Collect$$libinit$$00000017  c_w.l(libinit2.o)
    0x08007a06   0x00000000   Code   RO         4575    .ARM.Collect$$libinit$$00000019  c_w.l(libinit2.o)
    0x08007a06   0x00000000   Code   RO         4577    .ARM.Collect$$libinit$$0000001B  c_w.l(libinit2.o)
    0x08007a06   0x00000000   Code   RO         4579    .ARM.Collect$$libinit$$0000001D  c_w.l(libinit2.o)
    0x08007a06   0x00000000   Code   RO         4581    .ARM.Collect$$libinit$$0000001F  c_w.l(libinit2.o)
    0x08007a06   0x00000000   Code   RO         4583    .ARM.Collect$$libinit$$00000021  c_w.l(libinit2.o)
    0x08007a06   0x00000000   Code   RO         4585    .ARM.Collect$$libinit$$00000023  c_w.l(libinit2.o)
    0x08007a06   0x00000000   Code   RO         4587    .ARM.Collect$$libinit$$00000025  c_w.l(libinit2.o)
    0x08007a06   0x00000000   Code   RO         4591    .ARM.Collect$$libinit$$0000002C  c_w.l(libinit2.o)
    0x08007a06   0x00000000   Code   RO         4593    .ARM.Collect$$libinit$$0000002E  c_w.l(libinit2.o)
    0x08007a06   0x00000000   Code   RO         4595    .ARM.Collect$$libinit$$00000030  c_w.l(libinit2.o)
    0x08007a06   0x00000000   Code   RO         4597    .ARM.Collect$$libinit$$00000032  c_w.l(libinit2.o)
    0x08007a06   0x00000002   Code   RO         4598    .ARM.Collect$$libinit$$00000033  c_w.l(libinit2.o)
    0x08007a08   0x00000002   Code   RO         4771    .ARM.Collect$$libshutdown$$00000000  c_w.l(libshutdown.o)
    0x08007a0a   0x00000000   Code   RO         4729    .ARM.Collect$$libshutdown$$00000002  c_w.l(libshutdown2.o)
    0x08007a0a   0x00000000   Code   RO         4731    .ARM.Collect$$libshutdown$$00000004  c_w.l(libshutdown2.o)
    0x08007a0a   0x00000000   Code   RO         4734    .ARM.Collect$$libshutdown$$00000007  c_w.l(libshutdown2.o)
    0x08007a0a   0x00000000   Code   RO         4737    .ARM.Collect$$libshutdown$$0000000A  c_w.l(libshutdown2.o)
    0x08007a0a   0x00000000   Code   RO         4739    .ARM.Collect$$libshutdown$$0000000C  c_w.l(libshutdown2.o)
    0x08007a0a   0x00000000   Code   RO         4742    .ARM.Collect$$libshutdown$$0000000F  c_w.l(libshutdown2.o)
    0x08007a0a   0x00000002   Code   RO         4743    .ARM.Collect$$libshutdown$$00000010  c_w.l(libshutdown2.o)
    0x08007a0c   0x00000000   Code   RO         4511    .ARM.Collect$$rtentry$$00000000  c_w.l(__rtentry.o)
    0x08007a0c   0x00000000   Code   RO         4614    .ARM.Collect$$rtentry$$00000002  c_w.l(__rtentry2.o)
    0x08007a0c   0x00000006   Code   RO         4626    .ARM.Collect$$rtentry$$00000004  c_w.l(__rtentry4.o)
    0x08007a12   0x00000000   Code   RO         4616    .ARM.Collect$$rtentry$$00000009  c_w.l(__rtentry2.o)
    0x08007a12   0x00000004   Code   RO         4617    .ARM.Collect$$rtentry$$0000000A  c_w.l(__rtentry2.o)
    0x08007a16   0x00000000   Code   RO         4619    .ARM.Collect$$rtentry$$0000000C  c_w.l(__rtentry2.o)
    0x08007a16   0x00000008   Code   RO         4620    .ARM.Collect$$rtentry$$0000000D  c_w.l(__rtentry2.o)
    0x08007a1e   0x00000002   Code   RO         4718    .ARM.Collect$$rtexit$$00000000  c_w.l(rtexit.o)
    0x08007a20   0x00000000   Code   RO         4745    .ARM.Collect$$rtexit$$00000002  c_w.l(rtexit2.o)
    0x08007a20   0x00000004   Code   RO         4746    .ARM.Collect$$rtexit$$00000003  c_w.l(rtexit2.o)
    0x08007a24   0x00000006   Code   RO         4747    .ARM.Collect$$rtexit$$00000004  c_w.l(rtexit2.o)
    0x08007a2a   0x00000002   PAD
    0x08007a2c   0x00000000   Code   RO         4635    .emb_text           c_w.l(maybetermalloc1.o)
    0x08007a2c   0x00000040   Code   RO          344    .text               startup_stm32f10x_hd.o
    0x08007a6c   0x000000f4   Code   RO         4339    .text               context_rvds.o
    0x08007b60   0x00000002   Code   RO         4345    .text               c_w.l(use_no_semi_2.o)
    0x08007b62   0x0000005e   Code   RO         4351    .text               c_w.l(h1_alloc.o)
    0x08007bc0   0x0000004e   Code   RO         4353    .text               c_w.l(h1_free.o)
    0x08007c0e   0x00000002   PAD
    0x08007c10   0x00000018   Code   RO         4413    .text               c_w.l(noretval__2printf.o)
    0x08007c28   0x00000028   Code   RO         4415    .text               c_w.l(noretval__2sprintf.o)
    0x08007c50   0x0000004e   Code   RO         4419    .text               c_w.l(_printf_pad.o)
    0x08007c9e   0x00000052   Code   RO         4421    .text               c_w.l(_printf_str.o)
    0x08007cf0   0x00000078   Code   RO         4423    .text               c_w.l(_printf_dec.o)
    0x08007d68   0x00000188   Code   RO         4442    .text               c_w.l(__printf_flags_ss_wp.o)
    0x08007ef0   0x00000024   Code   RO         4449    .text               c_w.l(strstr.o)
    0x08007f14   0x0000003e   Code   RO         4451    .text               c_w.l(strlen.o)
    0x08007f52   0x0000008a   Code   RO         4453    .text               c_w.l(rt_memcpy_v6.o)
    0x08007fdc   0x00000044   Code   RO         4455    .text               c_w.l(rt_memclr.o)
    0x08008020   0x0000004e   Code   RO         4457    .text               c_w.l(rt_memclr_w.o)
    0x0800806e   0x00000006   Code   RO         4459    .text               c_w.l(heapauxi.o)
    0x08008074   0x00000002   Code   RO         4507    .text               c_w.l(use_no_semi.o)
    0x08008076   0x00000002   PAD
    0x08008078   0x00000008   Code   RO         4515    .text               c_w.l(rt_heap_descriptor_intlibspace.o)
    0x08008080   0x00000004   Code   RO         4517    .text               c_w.l(hguard.o)
    0x08008084   0x0000008a   Code   RO         4519    .text               c_w.l(init_alloc.o)
    0x0800810e   0x0000000e   Code   RO         4523    .text               c_w.l(h1_init.o)
    0x0800811c   0x000000b2   Code   RO         4537    .text               c_w.l(_printf_intcommon.o)
    0x080081ce   0x00000002   PAD
    0x080081d0   0x00000030   Code   RO         4541    .text               c_w.l(_printf_char_common.o)
    0x08008200   0x0000000a   Code   RO         4543    .text               c_w.l(_sputc.o)
    0x0800820a   0x0000002c   Code   RO         4545    .text               c_w.l(_printf_char.o)
    0x08008236   0x00000002   PAD
    0x08008238   0x00000024   Code   RO         4547    .text               c_w.l(_printf_char_file.o)
    0x0800825c   0x00000064   Code   RO         4550    .text               c_w.l(rt_memcpy_w.o)
    0x080082c0   0x00000008   Code   RO         4610    .text               c_w.l(libspace.o)
    0x080082c8   0x00000034   Code   RO         4637    .text               c_w.l(h1_extend.o)
    0x080082fc   0x00000008   Code   RO         4672    .text               c_w.l(ferror.o)
    0x08008304   0x0000000e   Code   RO         4679    .text               c_w.l(defsig_rtmem_outer.o)
    0x08008312   0x0000004a   Code   RO         4694    .text               c_w.l(sys_stackheap_outer.o)
    0x0800835c   0x00000012   Code   RO         4700    .text               c_w.l(exit.o)
    0x0800836e   0x0000000a   Code   RO         4702    .text               c_w.l(defsig_exit.o)
    0x08008378   0x00000050   Code   RO         4704    .text               c_w.l(defsig_rtmem_inner.o)
    0x080083c8   0x00000032   Code   RO         4726    .text               c_w.l(defsig_general.o)
    0x080083fa   0x0000000a   Code   RO         3199    i.$Sub$$main        components.o
    0x08008404   0x00000014   Code   RO         2925    i.AddKeyCallBack    key.o
    0x08008418   0x00000058   Code   RO         2970    i.ArmClipTakeState  steering.o
    0x08008470   0x00000060   Code   RO         2554    i.BoardLed_Init     led.o
    0x080084d0   0x00000004   Code   RO          159    i.BusFault_Handler  stm32f10x_it.o
    0x080084d4   0x0000003c   Code   RO         2440    i.CRC16_CalcuValue  crc.o
    0x08008510   0x0000001c   Code   RO         2442    i.CRC16_ModifyData  crc.o
    0x0800852c   0x00000050   Code   RO         2470    i.ConfigurationEsp8266  esp8266.o
    0x0800857c   0x00000030   Code   RO         2062    i.DMA1_Channel4_IRQHandler  usart.o
    0x080085ac   0x0000002c   Code   RO         2581    i.DMA1_Channel7_IRQHandler  ws2812.o
    0x080085d8   0x00000030   Code   RO         2063    i.DMA2_Channel4_5_IRQHandler  usart.o
    0x08008608   0x0000001c   Code   RO          385    i.DMA_ClearITPendingBit  stm32f10x_dma.o
    0x08008624   0x00000018   Code   RO          386    i.DMA_Cmd           stm32f10x_dma.o
    0x0800863c   0x0000014c   Code   RO          387    i.DMA_DeInit        stm32f10x_dma.o
    0x08008788   0x00000008   Code   RO          388    i.DMA_GetCurrDataCounter  stm32f10x_dma.o
    0x08008790   0x0000002c   Code   RO          390    i.DMA_GetITStatus   stm32f10x_dma.o
    0x080087bc   0x00000012   Code   RO          391    i.DMA_ITConfig      stm32f10x_dma.o
    0x080087ce   0x0000003c   Code   RO          392    i.DMA_Init          stm32f10x_dma.o
    0x0800880a   0x00000004   Code   RO          393    i.DMA_SetCurrDataCounter  stm32f10x_dma.o
    0x0800880e   0x00000020   Code   RO         2064    i.DMA_Transfer      usart.o
    0x0800882e   0x00000020   Code   RO         2710    i.DMA_Transfer      lcdinit.o
    0x0800884e   0x00000002   Code   RO          160    i.DebugMon_Handler  stm32f10x_it.o
    0x08008850   0x00000014   Code   RO         1919    i.Delay_init        delay.o
    0x08008864   0x0000001a   Code   RO         1920    i.Delay_ms          delay.o
    0x0800887e   0x00000002   PAD
    0x08008880   0x00000044   Code   RO         1921    i.Delay_us          delay.o
    0x080088c4   0x00000030   Code   RO         2472    i.ESP8266_Init      esp8266.o
    0x080088f4   0x000000b0   Code   RO         2473    i.ESP8266_JoinWifi  esp8266.o
    0x080089a4   0x000000e0   Code   RO         2474    i.ESP8266_LinkServe  esp8266.o
    0x08008a84   0x000000d8   Code   RO         2475    i.ESP8266_NetMode   esp8266.o
    0x08008b5c   0x0000007c   Code   RO         2476    i.ESP8266_SelfTest  esp8266.o
    0x08008bd8   0x0000004c   Code   RO          575    i.FLASH_ErasePage   stm32f10x_flash.o
    0x08008c24   0x00000034   Code   RO          576    i.FLASH_GetBank1Status  stm32f10x_flash.o
    0x08008c58   0x00000014   Code   RO          585    i.FLASH_Lock        stm32f10x_flash.o
    0x08008c6c   0x00000040   Code   RO          588    i.FLASH_ProgramHalfWord  stm32f10x_flash.o
    0x08008cac   0x00000022   Code   RO         2011    i.FLASH_Read        flash.o
    0x08008cce   0x00000006   Code   RO         2012    i.FLASH_ReadHalfWord  flash.o
    0x08008cd4   0x00000018   Code   RO          593    i.FLASH_Unlock      stm32f10x_flash.o
    0x08008cec   0x00000026   Code   RO          597    i.FLASH_WaitForLastOperation  stm32f10x_flash.o
    0x08008d12   0x00000002   PAD
    0x08008d14   0x000000e8   Code   RO         2013    i.FLASH_Write       flash.o
    0x08008dfc   0x00000026   Code   RO         2015    i.FLASH_Write_NoCheck  flash.o
    0x08008e22   0x00000024   Code   RO         2528    i.FlashSetFlag_IAP  iap.o
    0x08008e46   0x00000116   Code   RO          462    i.GPIO_Init         stm32f10x_gpio.o
    0x08008f5c   0x00000090   Code   RO          464    i.GPIO_PinRemapConfig  stm32f10x_gpio.o
    0x08008fec   0x00000012   Code   RO          466    i.GPIO_ReadInputDataBit  stm32f10x_gpio.o
    0x08008ffe   0x00000004   Code   RO          469    i.GPIO_ResetBits    stm32f10x_gpio.o
    0x08009002   0x00000004   Code   RO          470    i.GPIO_SetBits      stm32f10x_gpio.o
    0x08009006   0x00000002   PAD
    0x08009008   0x00000144   Code   RO         2997    i.Ground_PutAction  arm_thread.o
    0x0800914c   0x000000c4   Code   RO         2998    i.Ground_TakeAction  arm_thread.o
    0x08009210   0x00000010   Code   RO         1876    i.IWDG_Enable       stm32f10x_iwdg.o
    0x08009220   0x00000008   Code   RO         2218    i.IWDG_Feed         wdg.o
    0x08009228   0x00000024   Code   RO         2219    i.IWDG_Init         wdg.o
    0x0800924c   0x00000010   Code   RO         1878    i.IWDG_ReloadCounter  stm32f10x_iwdg.o
    0x0800925c   0x0000000c   Code   RO         1879    i.IWDG_SetPrescaler  stm32f10x_iwdg.o
    0x08009268   0x0000000c   Code   RO         1880    i.IWDG_SetReload    stm32f10x_iwdg.o
    0x08009274   0x0000000c   Code   RO         1881    i.IWDG_WriteAccessCmd  stm32f10x_iwdg.o
    0x08009280   0x000000d0   Code   RO         2999    i.IdentifyColorTake  arm_thread.o
    0x08009350   0x0000020c   Code   RO         3140    i.KeyControlTask    key_thread.o
    0x0800955c   0x00000034   Code   RO         3141    i.KeyCtrl_thread_entry  key_thread.o
    0x08009590   0x00000030   Code   RO         2926    i.KeyDeviceRunning  key.o
    0x080095c0   0x00000010   Code   RO         2927    i.KeyGpioState      key.o
    0x080095d0   0x00000028   Code   RO         2928    i.KeyInit           key.o
    0x080095f8   0x00000090   Code   RO         2929    i.KeyScanFreq       key.o
    0x08009688   0x00000066   Code   RO         2930    i.KeyScanSingle     key.o
    0x080096ee   0x00000002   PAD
    0x080096f0   0x000000a8   Code   RO         2711    i.LCD_Clear         lcdinit.o
    0x08009798   0x000000b0   Code   RO         2712    i.LCD_ClearRect     lcdinit.o
    0x08009848   0x0000018c   Code   RO         2713    i.LCD_Ctrl_Init     lcdinit.o
    0x080099d4   0x0000002a   Code   RO         2714    i.LCD_Delay         lcdinit.o
    0x080099fe   0x00000002   PAD
    0x08009a00   0x000000d8   Code   RO         2715    i.LCD_DisplayChar   lcdinit.o
    0x08009ad8   0x0000004c   Code   RO         2718    i.LCD_DisplayNumber  lcdinit.o
    0x08009b24   0x00000038   Code   RO         2719    i.LCD_DisplayString  lcdinit.o
    0x08009b5c   0x00000124   Code   RO         2723    i.LCD_DrawImage     lcdinit.o
    0x08009c80   0x000001c0   Code   RO         2732    i.LCD_Init          lcdinit.o
    0x08009e40   0x00000068   Code   RO         2733    i.LCD_SetAddress    lcdinit.o
    0x08009ea8   0x0000000c   Code   RO         2734    i.LCD_SetAsciiFont  lcdinit.o
    0x08009eb4   0x00000028   Code   RO         2735    i.LCD_SetBackColor  lcdinit.o
    0x08009edc   0x00000028   Code   RO         2736    i.LCD_SetColor      lcdinit.o
    0x08009f04   0x000000a8   Code   RO         2737    i.LCD_SetDirection  lcdinit.o
    0x08009fac   0x0000000c   Code   RO         2739    i.LCD_ShowNumMode   lcdinit.o
    0x08009fb8   0x00000084   Code   RO         2740    i.LCD_WriteBuff     lcdinit.o
    0x0800a03c   0x0000002c   Code   RO         2741    i.LCD_WriteCommand  lcdinit.o
    0x0800a068   0x00000028   Code   RO         2742    i.LCD_WriteData_16bit  lcdinit.o
    0x0800a090   0x0000001c   Code   RO         2743    i.LCD_WriteData_8bit  lcdinit.o
    0x0800a0ac   0x00000038   Code   RO         2555    i.LaserLed_Init     led.o
    0x0800a0e4   0x00000254   Code   RO         3081    i.LcdDebug_thread_entry  display_thread.o
    0x0800a338   0x00000088   Code   RO         3082    i.LcdNormal_thread_entry  display_thread.o
    0x0800a3c0   0x0000002c   Code   RO         3125    i.Led_WDG_callback  led_wdg.o
    0x0800a3ec   0x00000688   Code   RO         3000    i.MainCtrl_thread_entry  arm_thread.o
    0x0800aa74   0x00000044   Code   RO         2971    i.MaterialPosition  steering.o
    0x0800aab8   0x00000004   Code   RO          161    i.MemManage_Handler  stm32f10x_it.o
    0x0800aabc   0x00000100   Code   RO         2640    i.MotorAngleCtrl    motor.o
    0x0800abbc   0x0000014c   Code   RO         2641    i.MotorAngleCtrl_S  motor.o
    0x0800ad08   0x00000160   Code   RO         2642    i.MotorMotion_Lift  motor.o
    0x0800ae68   0x00000034   Code   RO         2643    i.MotorMotion_Rotate  motor.o
    0x0800ae9c   0x000001e4   Code   RO         2644    i.MotorSpeedCtrl_S  motor.o
    0x0800b080   0x000001e4   Code   RO         3036    i.MotorSteeringCtrl_BT  transfer_thread.o
    0x0800b264   0x00000184   Code   RO         2645    i.Motor_Init        motor.o
    0x0800b3e8   0x00000002   Code   RO          162    i.NMI_Handler       stm32f10x_it.o
    0x0800b3ea   0x00000002   PAD
    0x0800b3ec   0x00000070   Code   RO          348    i.NVIC_Init         misc.o
    0x0800b45c   0x00000014   Code   RO          349    i.NVIC_PriorityGroupConfig  misc.o
    0x0800b470   0x00000020   Code   RO          805    i.RCC_AHBPeriphClockCmd  stm32f10x_rcc.o
    0x0800b490   0x00000020   Code   RO          806    i.RCC_APB1PeriphClockCmd  stm32f10x_rcc.o
    0x0800b4b0   0x00000020   Code   RO          807    i.RCC_APB1PeriphResetCmd  stm32f10x_rcc.o
    0x0800b4d0   0x00000020   Code   RO          808    i.RCC_APB2PeriphClockCmd  stm32f10x_rcc.o
    0x0800b4f0   0x00000020   Code   RO          809    i.RCC_APB2PeriphResetCmd  stm32f10x_rcc.o
    0x0800b510   0x000000d4   Code   RO          816    i.RCC_GetClocksFreq  stm32f10x_rcc.o
    0x0800b5e4   0x00000044   Code   RO         3037    i.ReceCarState_Wire  transfer_thread.o
    0x0800b628   0x0000009c   Code   RO         3038    i.ReceTaskCode_Mult  transfer_thread.o
    0x0800b6c4   0x00000018   Code   RO         1009    i.SPI_Cmd           stm32f10x_spi.o
    0x0800b6dc   0x00000058   Code   RO         1016    i.SPI_I2S_DeInit    stm32f10x_spi.o
    0x0800b734   0x0000003c   Code   RO         1022    i.SPI_Init          stm32f10x_spi.o
    0x0800b770   0x00000002   Code   RO          163    i.SVC_Handler       stm32f10x_it.o
    0x0800b772   0x00000002   PAD
    0x0800b774   0x00000028   Code   RO         3083    i.ScreenDisplayKeyState  display_thread.o
    0x0800b79c   0x000006e8   Code   RO         3085    i.ScreenDisplayTaskCode  display_thread.o
    0x0800be84   0x00000110   Code   RO         2478    i.SendEsp8266Cmd    esp8266.o
    0x0800bf94   0x00000028   Code   RO         3039    i.SendOrderToCar    transfer_thread.o
    0x0800bfbc   0x000000cc   Code   RO         3040    i.SendRingToCar     transfer_thread.o
    0x0800c088   0x00000008   Code   RO          211    i.SetSysClock       system_stm32f10x.o
    0x0800c090   0x000000e0   Code   RO          212    i.SetSysClockTo72   system_stm32f10x.o
    0x0800c170   0x000000f0   Code   RO         2972    i.Steering_Init     steering.o
    0x0800c260   0x00000010   Code   RO          245    i.SysTick_Handler   board.o
    0x0800c270   0x00000060   Code   RO          214    i.SystemInit        system_stm32f10x.o
    0x0800c2d0   0x0000006c   Code   RO         2646    i.TIM8_UP_IRQHandler  motor.o
    0x0800c33c   0x00000018   Code   RO         1152    i.TIM_ARRPreloadConfig  stm32f10x_tim.o
    0x0800c354   0x00000006   Code   RO         1159    i.TIM_ClearITPendingBit  stm32f10x_tim.o
    0x0800c35a   0x00000018   Code   RO         1164    i.TIM_Cmd           stm32f10x_tim.o
    0x0800c372   0x0000001e   Code   RO         1166    i.TIM_CtrlPWMOutputs  stm32f10x_tim.o
    0x0800c390   0x000001e8   Code   RO         1169    i.TIM_DeInit        stm32f10x_tim.o
    0x0800c578   0x00000022   Code   RO         1185    i.TIM_GetITStatus   stm32f10x_tim.o
    0x0800c59a   0x00000012   Code   RO         1189    i.TIM_ITConfig      stm32f10x_tim.o
    0x0800c5ac   0x00000098   Code   RO         1193    i.TIM_OC1Init       stm32f10x_tim.o
    0x0800c644   0x00000012   Code   RO         1196    i.TIM_OC1PreloadConfig  stm32f10x_tim.o
    0x0800c656   0x00000002   PAD
    0x0800c658   0x000000a4   Code   RO         1198    i.TIM_OC2Init       stm32f10x_tim.o
    0x0800c6fc   0x0000001a   Code   RO         1201    i.TIM_OC2PreloadConfig  stm32f10x_tim.o
    0x0800c716   0x00000002   PAD
    0x0800c718   0x000000a0   Code   RO         1203    i.TIM_OC3Init       stm32f10x_tim.o
    0x0800c7b8   0x00000012   Code   RO         1206    i.TIM_OC3PreloadConfig  stm32f10x_tim.o
    0x0800c7ca   0x00000002   PAD
    0x0800c7cc   0x0000007c   Code   RO         1208    i.TIM_OC4Init       stm32f10x_tim.o
    0x0800c848   0x0000001a   Code   RO         1210    i.TIM_OC4PreloadConfig  stm32f10x_tim.o
    0x0800c862   0x00000002   PAD
    0x0800c864   0x000000a4   Code   RO         1235    i.TIM_TimeBaseInit  stm32f10x_tim.o
    0x0800c908   0x000000b0   Code   RO         3001    i.TakeRawMaterial   arm_thread.o
    0x0800c9b8   0x0000009c   Code   RO         2065    i.UART4_IRQHandler  usart.o
    0x0800ca54   0x00000060   Code   RO         2066    i.UART5_IRQHandler  usart.o
    0x0800cab4   0x000001b0   Code   RO         2067    i.UART_Config_4     usart.o
    0x0800cc64   0x0000006c   Code   RO         2069    i.USART1_IRQHandler  usart.o
    0x0800ccd0   0x00000090   Code   RO         2070    i.USART2_IRQHandler  usart.o
    0x0800cd60   0x000000a0   Code   RO         2071    i.USART3_IRQHandler  usart.o
    0x0800ce00   0x00000018   Code   RO         1700    i.USART_Cmd         stm32f10x_usart.o
    0x0800ce18   0x0000012c   Code   RO         2073    i.USART_Config_2    usart.o
    0x0800cf44   0x000000d0   Code   RO         2074    i.USART_Config_3    usart.o
    0x0800d014   0x00000012   Code   RO         1701    i.USART_DMACmd      stm32f10x_usart.o
    0x0800d026   0x00000002   PAD
    0x0800d028   0x0000009c   Code   RO         1702    i.USART_DeInit      stm32f10x_usart.o
    0x0800d0c4   0x0000001a   Code   RO         1703    i.USART_GetFlagStatus  stm32f10x_usart.o
    0x0800d0de   0x00000054   Code   RO         1704    i.USART_GetITStatus  stm32f10x_usart.o
    0x0800d132   0x0000004a   Code   RO         1706    i.USART_ITConfig    stm32f10x_usart.o
    0x0800d17c   0x000000d8   Code   RO         1707    i.USART_Init        stm32f10x_usart.o
    0x0800d254   0x0000000a   Code   RO         1714    i.USART_ReceiveData  stm32f10x_usart.o
    0x0800d25e   0x00000008   Code   RO         1717    i.USART_SendData    stm32f10x_usart.o
    0x0800d266   0x00000004   Code   RO          164    i.UsageFault_Handler  stm32f10x_it.o
    0x0800d26a   0x00000002   PAD
    0x0800d26c   0x000000cc   Code   RO         3041    i.UsartRece_thread_entry  transfer_thread.o
    0x0800d338   0x00000054   Code   RO         2077    i.Usart_SendByte    usart.o
    0x0800d38c   0x0000007a   Code   RO         2080    i.Usart_SendString  usart.o
    0x0800d406   0x00000002   PAD
    0x0800d408   0x0000004c   Code   RO         3617    i.__rt_ffs          kservice.o
    0x0800d454   0x0000000e   Code   RO         4435    i._is_digit         c_w.l(__printf_wp.o)
    0x0800d462   0x00000002   PAD
    0x0800d464   0x000000c4   Code   RO         3961    i._rt_scheduler_stack_check  scheduler.o
    0x0800d528   0x000000bc   Code   RO         4040    i._rt_thread_init   thread.o
    0x0800d5e4   0x00000042   Code   RO         4174    i._rt_timer_init    timer.o
    0x0800d626   0x0000001c   Code   RO         4175    i._rt_timer_remove  timer.o
    0x0800d642   0x00000004   Code   RO         2082    i._sys_exit         usart.o
    0x0800d646   0x0000001c   Code   RO         4041    i._thread_cleanup_execute  thread.o
    0x0800d662   0x00000004   Code   RO         2083    i._ttywrch          usart.o
    0x0800d666   0x00000002   PAD
    0x0800d668   0x00000040   Code   RO         2647    i.circle_control    motor.o
    0x0800d6a8   0x00000104   Code   RO         2648    i.dir_control       motor.o
    0x0800d7ac   0x0000001c   Code   RO         2084    i.fputc             usart.o
    0x0800d7c8   0x000001ec   Code   RO            1    i.main              main.o
    0x0800d9b4   0x0000000e   Code   RO         3200    i.main_thread_entry  components.o
    0x0800d9c2   0x00000002   PAD
    0x0800d9c4   0x0000010c   Code   RO         3809    i.plug_holes        mem.o
    0x0800dad0   0x00000198   Code   RO         3619    i.print_number      kservice.o
    0x0800dc68   0x00000050   Code   RO         3201    i.rt_application_init  components.o
    0x0800dcb8   0x00000074   Code   RO         3620    i.rt_assert_handler  kservice.o
    0x0800dd2c   0x0000004c   Code   RO         3202    i.rt_components_board_init  components.o
    0x0800dd78   0x00000070   Code   RO         3203    i.rt_components_init  components.o
    0x0800dde8   0x00000020   Code   RO         3963    i.rt_enter_critical  scheduler.o
    0x0800de08   0x00000084   Code   RO         3311    i.rt_event_create   ipc.o
    0x0800de8c   0x000001f8   Code   RO         3315    i.rt_event_recv     ipc.o
    0x0800e084   0x00000104   Code   RO         3316    i.rt_event_send     ipc.o
    0x0800e188   0x00000044   Code   RO         3964    i.rt_exit_critical  scheduler.o
    0x0800e1cc   0x000001f0   Code   RO         3811    i.rt_free           mem.o
    0x0800e3bc   0x00000008   Code   RO          246    i.rt_heap_begin_get  board.o
    0x0800e3c4   0x00000008   Code   RO          247    i.rt_heap_end_get   board.o
    0x0800e3cc   0x000003c8   Code   RO          248    i.rt_hw_board_init  board.o
    0x0800e794   0x00000050   Code   RO          249    i.rt_hw_console_output  board.o
    0x0800e7e4   0x00000200   Code   RO         4302    i.rt_hw_hard_fault_exception  cpuport.o
    0x0800e9e4   0x0000004c   Code   RO         4303    i.rt_hw_stack_init  cpuport.o
    0x0800ea30   0x00000024   Code   RO         3590    i.rt_interrupt_enter  irq.o
    0x0800ea54   0x0000001c   Code   RO         3591    i.rt_interrupt_get_nest  irq.o
    0x0800ea70   0x00000024   Code   RO         3592    i.rt_interrupt_leave  irq.o
    0x0800ea94   0x00000018   Code   RO         3317    i.rt_ipc_list_resume  ipc.o
    0x0800eaac   0x0000006e   Code   RO         3319    i.rt_ipc_list_suspend  ipc.o
    0x0800eb1a   0x00000010   Code   RO         3320    i.rt_ipc_object_init  ipc.o
    0x0800eb2a   0x00000002   PAD
    0x0800eb2c   0x00000030   Code   RO         3625    i.rt_kprintf        kservice.o
    0x0800eb5c   0x00000006   Code   RO         3321    i.rt_list_init      ipc.o
    0x0800eb62   0x00000006   Code   RO         3965    i.rt_list_init      scheduler.o
    0x0800eb68   0x00000006   Code   RO         4176    i.rt_list_init      timer.o
    0x0800eb6e   0x0000000e   Code   RO         3873    i.rt_list_insert_after  object.o
    0x0800eb7c   0x0000000e   Code   RO         4042    i.rt_list_insert_after  thread.o
    0x0800eb8a   0x0000000e   Code   RO         4177    i.rt_list_insert_after  timer.o
    0x0800eb98   0x0000000e   Code   RO         3322    i.rt_list_insert_before  ipc.o
    0x0800eba6   0x00000010   Code   RO         3323    i.rt_list_isempty   ipc.o
    0x0800ebb6   0x00000010   Code   RO         4178    i.rt_list_isempty   timer.o
    0x0800ebc6   0x00000012   Code   RO         3874    i.rt_list_remove    object.o
    0x0800ebd8   0x00000012   Code   RO         4043    i.rt_list_remove    thread.o
    0x0800ebea   0x00000012   Code   RO         4179    i.rt_list_remove    timer.o
    0x0800ebfc   0x000002a0   Code   RO         3812    i.rt_malloc         mem.o
    0x0800ee9c   0x000000ac   Code   RO         3325    i.rt_mb_create      ipc.o
    0x0800ef48   0x000001f4   Code   RO         3329    i.rt_mb_recv        ipc.o
    0x0800f13c   0x00000012   Code   RO         3330    i.rt_mb_send        ipc.o
    0x0800f14e   0x00000002   PAD
    0x0800f150   0x00000208   Code   RO         3331    i.rt_mb_send_wait   ipc.o
    0x0800f358   0x0000007c   Code   RO         3629    i.rt_memcpy         kservice.o
    0x0800f3d4   0x00000048   Code   RO         3631    i.rt_memset         kservice.o
    0x0800f41c   0x000000e4   Code   RO         3333    i.rt_mq_create      ipc.o
    0x0800f500   0x00000258   Code   RO         3337    i.rt_mq_recv        ipc.o
    0x0800f758   0x00000016   Code   RO         3338    i.rt_mq_send        ipc.o
    0x0800f76e   0x00000002   PAD
    0x0800f770   0x0000026c   Code   RO         3339    i.rt_mq_send_wait   ipc.o
    0x0800f9dc   0x00000090   Code   RO         3342    i.rt_mutex_create   ipc.o
    0x0800fa6c   0x000001c8   Code   RO         3346    i.rt_mutex_release  ipc.o
    0x0800fc34   0x000001e4   Code   RO         3347    i.rt_mutex_take     ipc.o
    0x0800fe18   0x000000d4   Code   RO         3875    i.rt_object_allocate  object.o
    0x0800feec   0x0000008c   Code   RO         3876    i.rt_object_delete  object.o
    0x0800ff78   0x00000044   Code   RO         3877    i.rt_object_detach  object.o
    0x0800ffbc   0x00000028   Code   RO         3879    i.rt_object_get_information  object.o
    0x0800ffe4   0x00000034   Code   RO         3882    i.rt_object_get_type  object.o
    0x08010018   0x000000a8   Code   RO         3883    i.rt_object_init    object.o
    0x080100c0   0x0000003c   Code   RO         3884    i.rt_object_is_systemobject  object.o
    0x080100fc   0x00000090   Code   RO         3966    i.rt_schedule       scheduler.o
    0x0801018c   0x0000007c   Code   RO         3967    i.rt_schedule_insert_thread  scheduler.o
    0x08010208   0x00000080   Code   RO         3968    i.rt_schedule_remove_thread  scheduler.o
    0x08010288   0x0000006c   Code   RO         3352    i.rt_sem_init       ipc.o
    0x080102f4   0x00000094   Code   RO         3353    i.rt_sem_release    ipc.o
    0x08010388   0x00000178   Code   RO         3354    i.rt_sem_take       ipc.o
    0x08010500   0x000000b0   Code   RO         3633    i.rt_show_version   kservice.o
    0x080105b0   0x000000c8   Code   RO         4180    i.rt_soft_timer_check  timer.o
    0x08010678   0x00000034   Code   RO         3641    i.rt_strncpy        kservice.o
    0x080106ac   0x00000154   Code   RO         3815    i.rt_system_heap_init  mem.o
    0x08010800   0x00000050   Code   RO         3969    i.rt_system_scheduler_init  scheduler.o
    0x08010850   0x00000030   Code   RO         3970    i.rt_system_scheduler_start  scheduler.o
    0x08010880   0x0000001c   Code   RO         4181    i.rt_system_timer_init  timer.o
    0x0801089c   0x00000054   Code   RO         4182    i.rt_system_timer_thread_init  timer.o
    0x080108f0   0x000000c8   Code   RO         4044    i.rt_thread_control  thread.o
    0x080109b8   0x00000050   Code   RO         4045    i.rt_thread_create  thread.o
    0x08010a08   0x0000000c   Code   RO         4046    i.rt_thread_delay   thread.o
    0x08010a14   0x000000e8   Code   RO         4048    i.rt_thread_delete  thread.o
    0x08010afc   0x000000ec   Code   RO         4049    i.rt_thread_detach  thread.o
    0x08010be8   0x00000058   Code   RO         4050    i.rt_thread_exit    thread.o
    0x08010c40   0x00000008   Code   RO         3274    i.rt_thread_idle_entry  idle.o
    0x08010c48   0x000000b8   Code   RO         3275    i.rt_thread_idle_excute  idle.o
    0x08010d00   0x0000003c   Code   RO         3277    i.rt_thread_idle_init  idle.o
    0x08010d3c   0x0000007c   Code   RO         4052    i.rt_thread_init    thread.o
    0x08010db8   0x00000084   Code   RO         4054    i.rt_thread_resume  thread.o
    0x08010e3c   0x0000000c   Code   RO         4055    i.rt_thread_self    thread.o
    0x08010e48   0x00000084   Code   RO         4056    i.rt_thread_sleep   thread.o
    0x08010ecc   0x000000c4   Code   RO         4057    i.rt_thread_startup  thread.o
    0x08010f90   0x0000008c   Code   RO         4058    i.rt_thread_suspend  thread.o
    0x0801101c   0x000000b4   Code   RO         4059    i.rt_thread_timeout  thread.o
    0x080110d0   0x00000044   Code   RO         4183    i.rt_thread_timer_entry  timer.o
    0x08011114   0x00000064   Code   RO         4060    i.rt_thread_yield   thread.o
    0x08011178   0x0000000c   Code   RO         3163    i.rt_tick_get       clock.o
    0x08011184   0x00000030   Code   RO         3164    i.rt_tick_increase  clock.o
    0x080111b4   0x000000b0   Code   RO         4184    i.rt_timer_check    timer.o
    0x08011264   0x000000dc   Code   RO         4185    i.rt_timer_control  timer.o
    0x08011340   0x00000036   Code   RO         4186    i.rt_timer_create   timer.o
    0x08011376   0x00000002   PAD
    0x08011378   0x000000dc   Code   RO         4188    i.rt_timer_detach   timer.o
    0x08011454   0x00000054   Code   RO         4189    i.rt_timer_init     timer.o
    0x080114a8   0x0000002c   Code   RO         4190    i.rt_timer_list_next_timeout  timer.o
    0x080114d4   0x000001dc   Code   RO         4192    i.rt_timer_start    timer.o
    0x080116b0   0x000000a8   Code   RO         4193    i.rt_timer_stop     timer.o
    0x08011758   0x00000340   Code   RO         3644    i.rt_vsnprintf      kservice.o
    0x08011a98   0x00000004   Code   RO         3204    i.rti_board_end     components.o
    0x08011a9c   0x00000004   Code   RO         3205    i.rti_board_start   components.o
    0x08011aa0   0x00000004   Code   RO         3206    i.rti_end           components.o
    0x08011aa4   0x00000004   Code   RO         3207    i.rti_start         components.o
    0x08011aa8   0x0000002a   Code   RO         3208    i.rtthread_startup  components.o
    0x08011ad2   0x00000026   Code   RO         3646    i.skip_atoi         kservice.o
    0x08011af8   0x00000030   Code   RO         2649    i.step_control      motor.o
    0x08011b28   0x00000010   Code   RO         1958    i.sys_nvic_set_vector_table  sys.o
    0x08011b38   0x00000028   Code   RO         1959    i.sys_soft_reset    sys.o
    0x08011b60   0x00000062   Code   RO         4463    x$fpl$d2f           fz_ws.l(d2f.o)
    0x08011bc2   0x00000002   PAD
    0x08011bc4   0x000002b0   Code   RO         4466    x$fpl$ddiv          fz_ws.l(ddiv.o)
    0x08011e74   0x0000005e   Code   RO         4469    x$fpl$dfix          fz_ws.l(dfix.o)
    0x08011ed2   0x00000026   Code   RO         4473    x$fpl$dfltu         fz_ws.l(dflt_clz.o)
    0x08011ef8   0x0000009c   Code   RO         4599    x$fpl$dnaninf       fz_ws.l(dnaninf.o)
    0x08011f94   0x0000000c   Code   RO         4601    x$fpl$dretinf       fz_ws.l(dretinf.o)
    0x08011fa0   0x00000056   Code   RO         4479    x$fpl$f2d           fz_ws.l(f2d.o)
    0x08011ff6   0x00000002   PAD
    0x08011ff8   0x000000c4   Code   RO         4481    x$fpl$fadd          fz_ws.l(faddsub_clz.o)
    0x080120bc   0x00000018   Code   RO         4603    x$fpl$fcmpinf       fz_ws.l(fcmpi.o)
    0x080120d4   0x00000184   Code   RO         4488    x$fpl$fdiv          fz_ws.l(fdiv.o)
    0x08012258   0x00000030   Code   RO         4496    x$fpl$fflt          fz_ws.l(fflt_clz.o)
    0x08012288   0x00000026   Code   RO         4495    x$fpl$ffltu         fz_ws.l(fflt_clz.o)
    0x080122ae   0x00000002   PAD
    0x080122b0   0x00000068   Code   RO         4501    x$fpl$fleqf         fz_ws.l(fleqf.o)
    0x08012318   0x00000102   Code   RO         4503    x$fpl$fmul          fz_ws.l(fmul.o)
    0x0801241a   0x0000008c   Code   RO         4605    x$fpl$fnaninf       fz_ws.l(fnaninf.o)
    0x080124a6   0x0000000a   Code   RO         4607    x$fpl$fretinf       fz_ws.l(fretinf.o)
    0x080124b0   0x000000ea   Code   RO         4483    x$fpl$fsub          fz_ws.l(faddsub_clz.o)
    0x0801259a   0x00000000   Code   RO         4609    x$fpl$usenofp       fz_ws.l(usenofp.o)
    0x0801259a   0x00000002   PAD
    0x0801259c   0x00000640   Data   RO         2650    .constdata          motor.o
    0x08012bdc   0x000042cc   Data   RO         2745    .constdata          lcdinit.o
    0x08016ea8   0x00000098   Data   RO         3086    .constdata          display_thread.o
    0x08016f40   0x00000044   Data   RO         3209    .constdata          components.o
    0x08016f84   0x00000016   Data   RO         3279    .constdata          idle.o
    0x08016f9a   0x000001fc   Data   RO         3356    .constdata          ipc.o
    0x08017196   0x00000122   Data   RO         3648    .constdata          kservice.o
    0x080172b8   0x0000003c   Data   RO         3817    .constdata          mem.o
    0x080172f4   0x00000080   Data   RO         3886    .constdata          object.o
    0x08017374   0x0000004e   Data   RO         3972    .constdata          scheduler.o
    0x080173c2   0x000000c0   Data   RO         4061    .constdata          thread.o
    0x08017482   0x0000005c   Data   RO         4195    .constdata          timer.o
    0x080174de   0x00000011   Data   RO         4443    .constdata          c_w.l(__printf_flags_ss_wp.o)
    0x080174ef   0x00000001   PAD
    0x080174f0   0x000001e4   Data   RO            2    .conststring        main.o
    0x080176d4   0x0000003f   Data   RO         2479    .conststring        esp8266.o
    0x08017713   0x00000001   PAD
    0x08017714   0x0000015a   Data   RO         3357    .conststring        ipc.o
    0x0801786e   0x00000002   PAD
    0x08017870   0x000000eb   Data   RO         3818    .conststring        mem.o
    0x0801795b   0x00000001   PAD
    0x0801795c   0x00000042   Data   RO         4062    .conststring        thread.o
    0x0801799e   0x00000002   PAD
    0x080179a0   0x00000008   Data   RO         3210    .rti_fn.0           components.o
    0x080179a8   0x00000008   Data   RO         3211    .rti_fn.0.end       components.o
    0x080179b0   0x00000008   Data   RO         3212    .rti_fn.1.end       components.o
    0x080179b8   0x00000008   Data   RO         3213    .rti_fn.6.end       components.o
    0x080179c0   0x00000020   Data   RO         4772    Region$$Table       anon$$obj.o


    Execution Region RW_IRAM1 (Base: 0x20000000, Size: 0x0000a910, Max: 0x0000c000, ABSOLUTE, COMPRESSED[0x00000370])

    Base Addr    Size         Type   Attr      Idx    E Section Name        Object

    0x20000000   0x000001a4   Data   RW            3    .data               main.o
    0x200001a4   0x00000014   Data   RW          215    .data               system_stm32f10x.o
    0x200001b8   0x00000052   Data   RW          252    .data               board.o
    0x2000020a   0x00000014   Data   RW          836    .data               stm32f10x_rcc.o
    0x2000021e   0x00000002   PAD
    0x20000220   0x00000050   Data   RW         1923    .data               delay.o
    0x20000270   0x00000050   Data   RW         2087    .data               usart.o
    0x200002c0   0x00000064   Data   RW         2480    .data               esp8266.o
    0x20000324   0x000001f4   Data   RW         2652    .data               motor.o
    0x20000518   0x00000090   Data   RW         2747    .data               lcdinit.o
    0x200005a8   0x0000005c   Data   RW         2932    .data               key.o
    0x20000604   0x00000170   Data   RW         3003    .data               arm_thread.o
    0x20000774   0x0000016c   Data   RW         3043    .data               transfer_thread.o
    0x200008e0   0x0000004c   Data   RW         3088    .data               display_thread.o
    0x2000092c   0x00000004   Data   RW         3166    .data               clock.o
    0x20000930   0x00000001   Data   RW         3593    .data               irq.o
    0x20000931   0x00000003   PAD
    0x20000934   0x00000008   Data   RW         3649    .data               kservice.o
    0x2000093c   0x00000018   Data   RW         3819    .data               mem.o
    0x20000954   0x00000070   Data   RW         3887    .data               object.o
    0x200009c4   0x00000018   Data   RW         3973    .data               scheduler.o
    0x200009dc   0x00000018   Data   RW         4196    .data               timer.o
    0x200009f4   0x00000010   Data   RW         4305    .data               cpuport.o
    0x20000a04   0x00008010   Zero   RW          250    .bss                board.o
    0x20008a14   0x00000800   Zero   RW         2016    .bss                flash.o
    0x20009214   0x00000168   Zero   RW         2085    .bss                usart.o
    0x2000937c   0x00000910   Zero   RW         2744    .bss                lcdinit.o
    0x20009c8c   0x00000180   Zero   RW         3278    .bss                idle.o
    0x20009e0c   0x00000100   Zero   RW         3647    .bss                kservice.o
    0x20009f0c   0x00000020   Zero   RW         3816    .bss                mem.o
    0x20009f2c   0x00000100   Zero   RW         3971    .bss                scheduler.o
    0x2000a02c   0x00000280   Zero   RW         4194    .bss                timer.o
    0x2000a2ac   0x00000060   Zero   RW         4611    .bss                c_w.l(libspace.o)
    0x2000a30c   0x00000004   PAD
    0x2000a310   0x00000200   Zero   RW          342    HEAP                startup_stm32f10x_hd.o
    0x2000a510   0x00000400   Zero   RW          341    STACK               startup_stm32f10x_hd.o


==============================================================================

Image component sizes


      Code (inc. data)   RO Data    RW Data    ZI Data      Debug   Object Name

      2576        138          0        368          0       4641   arm_thread.o
      1080        356          0         82      32784      24087   board.o
        60         12          0          4          0       1297   clock.o
       350        140        100          0          0       6684   components.o
       244         28          0          0          0        816   context_rvds.o
         0          0          0          0          0         32   core_cm3.o
       588        328          0         16          0       3462   cpuport.o
        88          0          0          0          0       1430   crc.o
       114         12          0         80          0       2123   delay.o
      2540        306        152         76          0       5029   display_thread.o
      1140        334         63        100          0       6278   esp8266.o
       310         10          0          0       2048       3818   flash.o
        36          0          0          0          0        603   iap.o
       252         74         22          0        384       5430   idle.o
      5478       1362        854          0          0      37806   ipc.o
       100         18          0          1          0       2302   irq.o
       370         28          0         92          0       4171   key.o
       576        234          0          0          0       1340   key_thread.o
      1942        224        290          8        256      10287   kservice.o
      2522        196      17100        144       2320      17198   lcdinit.o
       152         10          0          0          0       1088   led.o
        44          4          0          0          0        575   led_wdg.o
       492        230        484        420          0     288223   main.o
      1776        652        295         24         32       5693   mem.o
       132         22          0          0          0       1707   misc.o
      2344        164       1600        500          0      10565   motor.o
       772        268        128        112          0      10538   object.o
       826        250         78         24        256       9622   scheduler.o
        64         26        304          0       1536        824   startup_stm32f10x_hd.o
       396         24          0          0          0       2070   steering.o
       518         26          0          0          0       6769   stm32f10x_dma.o
       274         30          0          0          0       3762   stm32f10x_flash.o
       448          6          0          0          0       4834   stm32f10x_gpio.o
        18          0          0          0          0       6363   stm32f10x_it.o
        68         30          0          0          0       2734   stm32f10x_iwdg.o
       372         50          0         20          0       6580   stm32f10x_rcc.o
       172         12          0          0          0       2942   stm32f10x_spi.o
      1476        156          0          0          0      11619   stm32f10x_tim.o
       616         28          0          0          0       7927   stm32f10x_usart.o
        56         14          0          0          0      16212   sys.o
       328         28          0         20          0       2353   system_stm32f10x.o
      2112        590        258          0          0      16984   thread.o
      1970        522         92         24        640      16190   timer.o
      1156        204          0        364          0       4885   transfer_thread.o
      1974        242          0         80        360      16181   usart.o
        44          0          0          0          0       1104   wdg.o
        44          4          0          0          0        531   ws2812.o

    ----------------------------------------------------------------------
     39050       7392      21858       2564      40616     597709   Object Totals
         0          0         32          0          0          0   (incl. Generated)
        40          0          6          5          0          0   (incl. Padding)

    ----------------------------------------------------------------------

      Code (inc. data)   RO Data    RW Data    ZI Data      Debug   Library Member Name

       100          0          0          0          0          0   __dclz77c.o
         8          0          0          0          0         68   __main.o
       392          4         17          0          0         92   __printf_flags_ss_wp.o
        14          0          0          0          0         68   __printf_wp.o
         0          0          0          0          0          0   __rtentry.o
        12          0          0          0          0          0   __rtentry2.o
         6          0          0          0          0          0   __rtentry4.o
        52          8          0          0          0          0   __scatter.o
        28          0          0          0          0          0   __scatter_zi.o
        44          0          0          0          0        108   _printf_char.o
        48          6          0          0          0         96   _printf_char_common.o
        36          4          0          0          0         80   _printf_char_file.o
         6          0          0          0          0          0   _printf_d.o
       120         16          0          0          0         92   _printf_dec.o
       178          0          0          0          0         88   _printf_intcommon.o
        78          0          0          0          0        108   _printf_pad.o
         0          0          0          0          0          0   _printf_percent.o
         4          0          0          0          0          0   _printf_percent_end.o
         6          0          0          0          0          0   _printf_s.o
        82          0          0          0          0         80   _printf_str.o
        10          0          0          0          0         68   _sputc.o
        10          0          0          0          0         68   defsig_exit.o
        50          0          0          0          0         88   defsig_general.o
        80         58          0          0          0         76   defsig_rtmem_inner.o
        14          0          0          0          0         80   defsig_rtmem_outer.o
        18          0          0          0          0         80   exit.o
         8          0          0          0          0         68   ferror.o
        94          0          0          0          0         80   h1_alloc.o
        52          0          0          0          0         68   h1_extend.o
        78          0          0          0          0         80   h1_free.o
        14          0          0          0          0         84   h1_init.o
         6          0          0          0          0        152   heapauxi.o
         4          0          0          0          0        136   hguard.o
       138          0          0          0          0        168   init_alloc.o
         2          0          0          0          0          0   libinit.o
        10          0          0          0          0          0   libinit2.o
         2          0          0          0          0          0   libshutdown.o
         2          0          0          0          0          0   libshutdown2.o
         8          4          0          0         96         68   libspace.o
         0          0          0          0          0          0   maybetermalloc1.o
        24          4          0          0          0         84   noretval__2printf.o
        40          6          0          0          0         84   noretval__2sprintf.o
         8          4          0          0          0         68   rt_heap_descriptor_intlibspace.o
        68          0          0          0          0         68   rt_memclr.o
        78          0          0          0          0         80   rt_memclr_w.o
       138          0          0          0          0         68   rt_memcpy_v6.o
       100          0          0          0          0         80   rt_memcpy_w.o
         2          0          0          0          0          0   rtexit.o
        10          0          0          0          0          0   rtexit2.o
        62          0          0          0          0         76   strlen.o
        36          0          0          0          0         80   strstr.o
        74          0          0          0          0         80   sys_stackheap_outer.o
         2          0          0          0          0         68   use_no_semi.o
         2          0          0          0          0         68   use_no_semi_2.o
        98          4          0          0          0         92   d2f.o
       688        140          0          0          0        208   ddiv.o
        94          4          0          0          0         92   dfix.o
        38          0          0          0          0         68   dflt_clz.o
       156          4          0          0          0         92   dnaninf.o
        12          0          0          0          0         68   dretinf.o
        86          4          0          0          0         84   f2d.o
       430          8          0          0          0        168   faddsub_clz.o
        24          0          0          0          0         68   fcmpi.o
       388         76          0          0          0         96   fdiv.o
        86          0          0          0          0        136   fflt_clz.o
       104          4          0          0          0         84   fleqf.o
       258          4          0          0          0         84   fmul.o
       140          4          0          0          0         84   fnaninf.o
        10          0          0          0          0         68   fretinf.o
         0          0          0          0          0          0   usenofp.o

    ----------------------------------------------------------------------
      5090        366         18          0        100       4640   Library Totals
        20          0          1          0          4          0   (incl. Padding)

    ----------------------------------------------------------------------

      Code (inc. data)   RO Data    RW Data    ZI Data      Debug   Library Name

      2458        114         17          0         96       3148   c_w.l
      2612        252          0          0          0       1492   fz_ws.l

    ----------------------------------------------------------------------
      5090        366         18          0        100       4640   Library Totals

    ----------------------------------------------------------------------

==============================================================================


      Code (inc. data)   RO Data    RW Data    ZI Data      Debug   

     44140       7758      21876       2564      40716     585185   Grand Totals
     44140       7758      21876        880      40716     585185   ELF Image Totals (compressed)
     44140       7758      21876        880          0          0   ROM Totals

==============================================================================

    Total RO  Size (Code + RO Data)                66016 (  64.47kB)
    Total RW  Size (RW Data + ZI Data)             43280 (  42.27kB)
    Total ROM Size (Code + RO Data + RW Data)      66896 (  65.33kB)

==============================================================================

