<html>
<body>
<pre>
<h1>礦ision Build Log</h1>
<h2>Tool Versions:</h2>
IDE-Version: μVision V5.23.0.0
Copyright (C) 2017 ARM Ltd and ARM Germany GmbH. All rights reserved.
License Information: aa aa, aa, LIC=585GK-ZD8ZB-PCNJ8-3TZ9Y-VAYNM-YPD9B
 
Tool Versions:
Toolchain:       MDK-ARM Plus  Version: 5.23
Toolchain Path:  D:\k4\ARM\ARMCC\Bin
C Compiler:      Armcc.exe V5.06 update 4 (build 422)
Assembler:       Armasm.exe V5.06 update 4 (build 422)
Linker/Locator:  ArmLink.exe V5.06 update 4 (build 422)
Library Manager: ArmAr.exe V5.06 update 4 (build 422)
Hex Converter:   FromElf.exe V5.06 update 4 (build 422)
CPU DLL:         SARMCM3.DLL V5.23
Dialog DLL:      DCM.DLL V1.15.0.0
Target DLL:      STLink\ST-LINKIII-KEIL_SWO.dll V2.0.18.0
Dialog DLL:      TCM.DLL V1.27.0.0
 
<h2>Project:</h2>
E:\嵌入式系统学习\3、单片机\RTOS\RT-Thread\学习程序\BlueTooth_RTT\Projects\MDK-ARM\Template.uvprojx
Project File Date:  08/20/2024

<h2>Output:</h2>
*** Using Compiler 'V5.06 update 4 (build 422)', folder: 'D:\k4\ARM\ARMCC\Bin'
Rebuild target 'Template'
assembling startup_stm32f10x_hd.s...
compiling stm32f10x_it.c...
compiling core_cm3.c...
compiling stm32f10x_dma.c...
compiling system_stm32f10x.c...
compiling main.c...
compiling misc.c...
compiling stm32f10x_pwr.c...
compiling stm32f10x_rcc.c...
compiling stm32f10x_flash.c...
compiling board.c...
compiling stm32f10x_spi.c...
compiling stm32f10x_gpio.c...
compiling stm32f10x_usart.c...
compiling stm32f10x_iwdg.c...
compiling List.c...
compiling stm32f10x_tim.c...
compiling Usart.c...
..\..\Drivers\Hardware\Usart\Usart.c(244): warning:  #177-D: variable "DMA_InitStructure"  was declared but never referenced
      DMA_InitTypeDef DMA_InitStructure = {0};
..\..\Drivers\Hardware\Usart\Usart.c: 1 warning, 0 errors
compiling delay.c...
compiling Flash.c...
compiling LoopList.c...
compiling LobotServo.c...
compiling sys.c...
compiling CRC.c...
compiling WDG.c...
compiling Iap.c...
compiling Esp8266.c...
..\..\Bsp\Esp8266\Esp8266.c(127): warning:  #177-D: function "ESP8266_UnvarnishSend"  was declared but never referenced
  static void ESP8266_UnvarnishSend(bool State) 
..\..\Bsp\Esp8266\Esp8266.c(206): warning:  #177-D: function "ESP8266_BasicSet"  was declared but never referenced
  static bool ESP8266_BasicSet(BasicCmdDef Cmd,bool State) 
..\..\Bsp\Esp8266\Esp8266.c: 2 warnings, 0 errors
compiling clock.c...
compiling Led.c...
compiling Ws2812.c...
..\..\Bsp\Ws2812\Ws2812.c(76): warning:  #177-D: function "WS2812B_DMA_Send"  was declared but never referenced
  static void WS2812B_DMA_Send(uint8_t num)
..\..\Bsp\Ws2812\Ws2812.c: 1 warning, 0 errors
compiling components.c...
compiling Display_Thread.c...
..\..\App\Display_Thread\Display_Thread.c(103): warning:  #167-D: argument of type "rt_uint32_t *" is incompatible with parameter of type "rt_ubase_t *"
                                          (rt_uint32_t*)&OrderStr,    //鎺ユ敹閭娑堟伅
..\..\App\Display_Thread\Display_Thread.c(126): warning:  #167-D: argument of type "rt_uint32_t *" is incompatible with parameter of type "rt_ubase_t *"
                                        (rt_uint32_t*)&KeyValue,      //鎺ユ敹閭娑堟伅
..\..\App\Display_Thread\Display_Thread.c: 2 warnings, 0 errors
compiling Steering.c...
compiling Key.c...
compiling Led_WDG.c...
compiling Motor.c...
compiling cpu.c...
compiling Transfer_Thread.c...
compiling Key_Thread.c...
compiling Arm_Thread.c...
compiling LcdInit.c...
compiling idle.c...
compiling memheap.c...
compiling irq.c...
compiling mem.c...
compiling mempool.c...
compiling ipc.c...
compiling kservice.c...
compiling slab.c...
compiling object.c...
compiling scheduler.c...
compiling thread.c...
compiling timer.c...
assembling context_rvds.S...
compiling cpuport.c...
linking...
Program Size: Code=44140 RO-data=21876 RW-data=2564 ZI-data=40716  
FromELF: creating hex file...
After Build - User command #1: fromelf.exe   --bin -o  ..\..\Output\Template.bin ..\..\Output\Template.axf
"..\..\Output\Template.axf" - 0 Error(s), 6 Warning(s).

<h2>Collection of Component include folders:</h2>
  .\RTE\_Template
  D:\k4\ARM\PACK\Keil\STM32F1xx_DFP\2.3.0\Device\Include

<h2>Collection of Component Files used:</h2>
Build Time Elapsed:  00:00:08
</pre>
</body>
</html>
